Archive member included to satisfy reference by file (symbol)

c:/st/stm32cubeide_1.5.1/stm32cubeide/plugins/com.st.stm32cube.ide.mcu.externaltools.gnu-tools-for-stm32.7-2018-q2-update.win32_1.5.0.202011040924/tools/bin/../lib/gcc/arm-none-eabi/7.3.1/../../../../arm-none-eabi/lib/thumb/v7-m\libc_nano.a(lib_a-errno.o)
                              Core/Src/syscalls.o (__errno)
c:/st/stm32cubeide_1.5.1/stm32cubeide/plugins/com.st.stm32cube.ide.mcu.externaltools.gnu-tools-for-stm32.7-2018-q2-update.win32_1.5.0.202011040924/tools/bin/../lib/gcc/arm-none-eabi/7.3.1/../../../../arm-none-eabi/lib/thumb/v7-m\libc_nano.a(lib_a-exit.o)
                              c:/st/stm32cubeide_1.5.1/stm32cubeide/plugins/com.st.stm32cube.ide.mcu.externaltools.gnu-tools-for-stm32.7-2018-q2-update.win32_1.5.0.202011040924/tools/bin/../lib/gcc/arm-none-eabi/7.3.1/../../../../arm-none-eabi/lib/thumb/v7-m/crt0.o (exit)
c:/st/stm32cubeide_1.5.1/stm32cubeide/plugins/com.st.stm32cube.ide.mcu.externaltools.gnu-tools-for-stm32.7-2018-q2-update.win32_1.5.0.202011040924/tools/bin/../lib/gcc/arm-none-eabi/7.3.1/../../../../arm-none-eabi/lib/thumb/v7-m\libc_nano.a(lib_a-impure.o)
                              c:/st/stm32cubeide_1.5.1/stm32cubeide/plugins/com.st.stm32cube.ide.mcu.externaltools.gnu-tools-for-stm32.7-2018-q2-update.win32_1.5.0.202011040924/tools/bin/../lib/gcc/arm-none-eabi/7.3.1/../../../../arm-none-eabi/lib/thumb/v7-m\libc_nano.a(lib_a-exit.o) (_global_impure_ptr)
c:/st/stm32cubeide_1.5.1/stm32cubeide/plugins/com.st.stm32cube.ide.mcu.externaltools.gnu-tools-for-stm32.7-2018-q2-update.win32_1.5.0.202011040924/tools/bin/../lib/gcc/arm-none-eabi/7.3.1/../../../../arm-none-eabi/lib/thumb/v7-m\libc_nano.a(lib_a-init.o)
                              c:/st/stm32cubeide_1.5.1/stm32cubeide/plugins/com.st.stm32cube.ide.mcu.externaltools.gnu-tools-for-stm32.7-2018-q2-update.win32_1.5.0.202011040924/tools/bin/../lib/gcc/arm-none-eabi/7.3.1/../../../../arm-none-eabi/lib/thumb/v7-m/crt0.o (__libc_init_array)
c:/st/stm32cubeide_1.5.1/stm32cubeide/plugins/com.st.stm32cube.ide.mcu.externaltools.gnu-tools-for-stm32.7-2018-q2-update.win32_1.5.0.202011040924/tools/bin/../lib/gcc/arm-none-eabi/7.3.1/../../../../arm-none-eabi/lib/thumb/v7-m\libc_nano.a(lib_a-memcpy-stub.o)
                              Middlewares/Third_Party/FreeRTOS/Source/queue.o (memcpy)
c:/st/stm32cubeide_1.5.1/stm32cubeide/plugins/com.st.stm32cube.ide.mcu.externaltools.gnu-tools-for-stm32.7-2018-q2-update.win32_1.5.0.202011040924/tools/bin/../lib/gcc/arm-none-eabi/7.3.1/../../../../arm-none-eabi/lib/thumb/v7-m\libc_nano.a(lib_a-memset.o)
                              c:/st/stm32cubeide_1.5.1/stm32cubeide/plugins/com.st.stm32cube.ide.mcu.externaltools.gnu-tools-for-stm32.7-2018-q2-update.win32_1.5.0.202011040924/tools/bin/../lib/gcc/arm-none-eabi/7.3.1/../../../../arm-none-eabi/lib/thumb/v7-m/crt0.o (memset)
c:/st/stm32cubeide_1.5.1/stm32cubeide/plugins/com.st.stm32cube.ide.mcu.externaltools.gnu-tools-for-stm32.7-2018-q2-update.win32_1.5.0.202011040924/tools/bin/../lib/gcc/arm-none-eabi/7.3.1/../../../../arm-none-eabi/lib/thumb/v7-m\libc_nano.a(lib_a-sprintf.o)
                              Core/Src/tasks.o (sprintf)
c:/st/stm32cubeide_1.5.1/stm32cubeide/plugins/com.st.stm32cube.ide.mcu.externaltools.gnu-tools-for-stm32.7-2018-q2-update.win32_1.5.0.202011040924/tools/bin/../lib/gcc/arm-none-eabi/7.3.1/../../../../arm-none-eabi/lib/thumb/v7-m\libc_nano.a(lib_a-nano-svfprintf.o)
                              c:/st/stm32cubeide_1.5.1/stm32cubeide/plugins/com.st.stm32cube.ide.mcu.externaltools.gnu-tools-for-stm32.7-2018-q2-update.win32_1.5.0.202011040924/tools/bin/../lib/gcc/arm-none-eabi/7.3.1/../../../../arm-none-eabi/lib/thumb/v7-m\libc_nano.a(lib_a-sprintf.o) (_svfprintf_r)
c:/st/stm32cubeide_1.5.1/stm32cubeide/plugins/com.st.stm32cube.ide.mcu.externaltools.gnu-tools-for-stm32.7-2018-q2-update.win32_1.5.0.202011040924/tools/bin/../lib/gcc/arm-none-eabi/7.3.1/../../../../arm-none-eabi/lib/thumb/v7-m\libc_nano.a(lib_a-nano-vfprintf_i.o)
                              c:/st/stm32cubeide_1.5.1/stm32cubeide/plugins/com.st.stm32cube.ide.mcu.externaltools.gnu-tools-for-stm32.7-2018-q2-update.win32_1.5.0.202011040924/tools/bin/../lib/gcc/arm-none-eabi/7.3.1/../../../../arm-none-eabi/lib/thumb/v7-m\libc_nano.a(lib_a-nano-svfprintf.o) (_printf_i)
c:/st/stm32cubeide_1.5.1/stm32cubeide/plugins/com.st.stm32cube.ide.mcu.externaltools.gnu-tools-for-stm32.7-2018-q2-update.win32_1.5.0.202011040924/tools/bin/../lib/gcc/arm-none-eabi/7.3.1/../../../../arm-none-eabi/lib/thumb/v7-m\libc_nano.a(lib_a-memchr-stub.o)
                              c:/st/stm32cubeide_1.5.1/stm32cubeide/plugins/com.st.stm32cube.ide.mcu.externaltools.gnu-tools-for-stm32.7-2018-q2-update.win32_1.5.0.202011040924/tools/bin/../lib/gcc/arm-none-eabi/7.3.1/../../../../arm-none-eabi/lib/thumb/v7-m\libc_nano.a(lib_a-nano-svfprintf.o) (memchr)
[...]
Memory Configuration

Name             Origin             Length             Attributes
RAM              0x0000000020000000 0x0000000000005000 xrw
FLASH            0x0000000008000000 0x0000000000010000 xr
*default*        0x0000000000000000 0xffffffffffffffff

Linker script and memory map

LOAD c:/st/stm32cubeide_1.5.1/stm32cubeide/plugins/com.st.stm32cube.ide.mcu.externaltools.gnu-tools-for-stm32.7-2018-q2-update.win32_1.5.0.202011040924/tools/bin/../lib/gcc/arm-none-eabi/7.3.1/thumb/v7-m/crti.o
LOAD c:/st/stm32cubeide_1.5.1/stm32cubeide/plugins/com.st.stm32cube.ide.mcu.externaltools.gnu-tools-for-stm32.7-2018-q2-update.win32_1.5.0.202011040924/tools/bin/../lib/gcc/arm-none-eabi/7.3.1/thumb/v7-m/crtbegin.o
LOAD c:/st/stm32cubeide_1.5.1/stm32cubeide/plugins/com.st.stm32cube.ide.mcu.externaltools.gnu-tools-for-stm32.7-2018-q2-update.win32_1.5.0.202011040924/tools/bin/../lib/gcc/arm-none-eabi/7.3.1/../../../../arm-none-eabi/lib/thumb/v7-m/crt0.o
LOAD Core/Src/Circular_buffer.o
LOAD Core/Src/crc.o
LOAD Core/Src/freertos.o
LOAD Core/Src/main.o
LOAD Core/Src/stm32f1xx_hal_msp.o
LOAD Core/Src/stm32f1xx_it.o
LOAD Core/Src/syscalls.o
LOAD Core/Src/sysmem.o
LOAD Core/Src/system_stm32f1xx.o
LOAD Core/Src/tasks.o
LOAD Core/Startup/startup_stm32f103c8tx.o
LOAD Drivers/STM32F1xx_HAL_Driver/Src/stm32f1xx_hal.o
LOAD Drivers/STM32F1xx_HAL_Driver/Src/stm32f1xx_hal_cortex.o
LOAD Drivers/STM32F1xx_HAL_Driver/Src/stm32f1xx_hal_dma.o
LOAD Drivers/STM32F1xx_HAL_Driver/Src/stm32f1xx_hal_exti.o
LOAD Drivers/STM32F1xx_HAL_Driver/Src/stm32f1xx_hal_flash.o
LOAD Drivers/STM32F1xx_HAL_Driver/Src/stm32f1xx_hal_flash_ex.o
LOAD Drivers/STM32F1xx_HAL_Driver/Src/stm32f1xx_hal_gpio.o
LOAD Drivers/STM32F1xx_HAL_Driver/Src/stm32f1xx_hal_gpio_ex.o
LOAD Drivers/STM32F1xx_HAL_Driver/Src/stm32f1xx_hal_pwr.o
LOAD Drivers/STM32F1xx_HAL_Driver/Src/stm32f1xx_hal_rcc.o
LOAD Drivers/STM32F1xx_HAL_Driver/Src/stm32f1xx_hal_rcc_ex.o
LOAD Drivers/STM32F1xx_HAL_Driver/Src/stm32f1xx_hal_tim.o
LOAD Drivers/STM32F1xx_HAL_Driver/Src/stm32f1xx_hal_tim_ex.o
LOAD Drivers/STM32F1xx_HAL_Driver/Src/stm32f1xx_hal_uart.o
LOAD Middlewares/Third_Party/FreeRTOS/Source/CMSIS_RTOS/cmsis_os.o
LOAD Middlewares/Third_Party/FreeRTOS/Source/croutine.o
LOAD Middlewares/Third_Party/FreeRTOS/Source/event_groups.o
LOAD Middlewares/Third_Party/FreeRTOS/Source/list.o
LOAD Middlewares/Third_Party/FreeRTOS/Source/queue.o
LOAD Middlewares/Third_Party/FreeRTOS/Source/stream_buffer.o
LOAD Middlewares/Third_Party/FreeRTOS/Source/tasks.o
LOAD Middlewares/Third_Party/FreeRTOS/Source/timers.o
LOAD Middlewares/Third_Party/FreeRTOS/Source/portable/GCC/ARM_CM3/port.o
LOAD Middlewares/Third_Party/FreeRTOS/Source/portable/MemMang/heap_4.o
START GROUP
LOAD c:/st/stm32cubeide_1.5.1/stm32cubeide/plugins/com.st.stm32cube.ide.mcu.externaltools.gnu-tools-for-stm32.7-2018-q2-update.win32_1.5.0.202011040924/tools/bin/../lib/gcc/arm-none-eabi/7.3.1/../../../../arm-none-eabi/lib/thumb/v7-m\libc_nano.a
LOAD c:/st/stm32cubeide_1.5.1/stm32cubeide/plugins/com.st.stm32cube.ide.mcu.externaltools.gnu-tools-for-stm32.7-2018-q2-update.win32_1.5.0.202011040924/tools/bin/../lib/gcc/arm-none-eabi/7.3.1/../../../../arm-none-eabi/lib/thumb/v7-m\libm.a
END GROUP
START GROUP
LOAD c:/st/stm32cubeide_1.5.1/stm32cubeide/plugins/com.st.stm32cube.ide.mcu.externaltools.gnu-tools-for-stm32.7-2018-q2-update.win32_1.5.0.202011040924/tools/bin/../lib/gcc/arm-none-eabi/7.3.1/thumb/v7-m\libgcc.a
LOAD c:/st/stm32cubeide_1.5.1/stm32cubeide/plugins/com.st.stm32cube.ide.mcu.externaltools.gnu-tools-for-stm32.7-2018-q2-update.win32_1.5.0.202011040924/tools/bin/../lib/gcc/arm-none-eabi/7.3.1/../../../../arm-none-eabi/lib/thumb/v7-m\libc_nano.a
END GROUP
START GROUP
LOAD c:/st/stm32cubeide_1.5.1/stm32cubeide/plugins/com.st.stm32cube.ide.mcu.externaltools.gnu-tools-for-stm32.7-2018-q2-update.win32_1.5.0.202011040924/tools/bin/../lib/gcc/arm-none-eabi/7.3.1/thumb/v7-m\libgcc.a
LOAD c:/st/stm32cubeide_1.5.1/stm32cubeide/plugins/com.st.stm32cube.ide.mcu.externaltools.gnu-tools-for-stm32.7-2018-q2-update.win32_1.5.0.202011040924/tools/bin/../lib/gcc/arm-none-eabi/7.3.1/../../../../arm-none-eabi/lib/thumb/v7-m\libc_nano.a
LOAD c:/st/stm32cubeide_1.5.1/stm32cubeide/plugins/com.st.stm32cube.ide.mcu.externaltools.gnu-tools-for-stm32.7-2018-q2-update.win32_1.5.0.202011040924/tools/bin/../lib/gcc/arm-none-eabi/7.3.1/../../../../arm-none-eabi/lib/thumb/v7-m\libnosys.a
END GROUP
START GROUP
LOAD c:/st/stm32cubeide_1.5.1/stm32cubeide/plugins/com.st.stm32cube.ide.mcu.externaltools.gnu-tools-for-stm32.7-2018-q2-update.win32_1.5.0.202011040924/tools/bin/../lib/gcc/arm-none-eabi/7.3.1/thumb/v7-m\libgcc.a
LOAD c:/st/stm32cubeide_1.5.1/stm32cubeide/plugins/com.st.stm32cube.ide.mcu.externaltools.gnu-tools-for-stm32.7-2018-q2-update.win32_1.5.0.202011040924/tools/bin/../lib/gcc/arm-none-eabi/7.3.1/../../../../arm-none-eabi/lib/thumb/v7-m\libc_nano.a
LOAD c:/st/stm32cubeide_1.5.1/stm32cubeide/plugins/com.st.stm32cube.ide.mcu.externaltools.gnu-tools-for-stm32.7-2018-q2-update.win32_1.5.0.202011040924/tools/bin/../lib/gcc/arm-none-eabi/7.3.1/../../../../arm-none-eabi/lib/thumb/v7-m\libnosys.a
END GROUP
LOAD c:/st/stm32cubeide_1.5.1/stm32cubeide/plugins/com.st.stm32cube.ide.mcu.externaltools.gnu-tools-for-stm32.7-2018-q2-update.win32_1.5.0.202011040924/tools/bin/../lib/gcc/arm-none-eabi/7.3.1/thumb/v7-m/crtend.o
LOAD c:/st/stm32cubeide_1.5.1/stm32cubeide/plugins/com.st.stm32cube.ide.mcu.externaltools.gnu-tools-for-stm32.7-2018-q2-update.win32_1.5.0.202011040924/tools/bin/../lib/gcc/arm-none-eabi/7.3.1/thumb/v7-m/crtn.o
                0x0000000020005000                _estack = (ORIGIN (RAM) + LENGTH (RAM))
                0x0000000000000200                _Min_Heap_Size = 0x200
                0x0000000000000400                _Min_Stack_Size = 0x400

.isr_vector     0x0000000008000000      0x10c
                0x0000000008000000                . = ALIGN (0x4)
 *(.isr_vector)
 .isr_vector    0x0000000008000000      0x10c Core/Startup/startup_stm32f103c8tx.o
                0x0000000008000000                g_pfnVectors
                0x000000000800010c                . = ALIGN (0x4)

.text           0x0000000008000110     0x4664
                0x0000000008000110                . = ALIGN (0x4)
 *(.text)
 .text          0x0000000008000110       0x40 c:/st/stm32cubeide_1.5.1/stm32cubeide/plugins/com.st.stm32cube.ide.mcu.externaltools.gnu-tools-for-stm32.7-2018-q2-update.win32_1.5.0.202011040924/tools/bin/../lib/gcc/arm-none-eabi/7.3.1/thumb/v7-m/crtbegin.o
 *(.text*)
 .text.getCurentLenght
                0x0000000008000150       0x14 Core/Src/Circular_buffer.o
                0x0000000008000150                getCurentLenght
 .text.readByte
                0x0000000008000164       0x60 Core/Src/Circular_buffer.o
                0x0000000008000164                readByte
 .text.sendByte
                0x00000000080001c4       0x80 Core/Src/Circular_buffer.o
                0x00000000080001c4                sendByte
 .text.getFreeSize
                0x0000000008000244       0x1c Core/Src/Circular_buffer.o
                0x0000000008000244                getFreeSize
 .text.vApplicationGetIdleTaskMemory
                0x0000000008000260       0x30 Core/Src/freertos.o
                0x0000000008000260                vApplicationGetIdleTaskMemory
 .text.__NVIC_EnableIRQ
                0x0000000008000290       0x38 Core/Src/main.o
 .text.main     0x00000000080002c8       0x4c Core/Src/main.o
                0x00000000080002c8                main
 .text.SystemClock_Config
                0x0000000008000314       0x8c Core/Src/main.o
                0x0000000008000314                SystemClock_Config
 .text.MX_USART1_UART_Init
                0x00000000080003a0       0x64 Core/Src/main.o
 .text.MX_GPIO_Init
                0x0000000008000404       0xc4 Core/Src/main.o
 .text.StartDefaultTask
                0x00000000080004c8       0x10 Core/Src/main.o
                0x00000000080004c8                StartDefaultTask
 .text.Error_Handler
                0x00000000080004d8        0x8 Core/Src/main.o
                0x00000000080004d8                Error_Handler
 .text.HAL_MspInit
                0x00000000080004e0       0x70 Core/Src/stm32f1xx_hal_msp.o
                0x00000000080004e0                HAL_MspInit
 .text.HAL_UART_MspInit
                0x0000000008000550       0xa8 Core/Src/stm32f1xx_hal_msp.o
                0x0000000008000550                HAL_UART_MspInit
 .text.NMI_Handler
                0x00000000080005f8        0x6 Core/Src/stm32f1xx_it.o
                0x00000000080005f8                NMI_Handler
 .text.HardFault_Handler
                0x00000000080005fe        0x6 Core/Src/stm32f1xx_it.o
                0x00000000080005fe                HardFault_Handler
 .text.MemManage_Handler
                0x0000000008000604        0x6 Core/Src/stm32f1xx_it.o
                0x0000000008000604                MemManage_Handler
 .text.BusFault_Handler
                0x000000000800060a        0x6 Core/Src/stm32f1xx_it.o
                0x000000000800060a                BusFault_Handler
 .text.UsageFault_Handler
                0x0000000008000610        0x6 Core/Src/stm32f1xx_it.o
                0x0000000008000610                UsageFault_Handler
 .text.DebugMon_Handler
                0x0000000008000616        0xc Core/Src/stm32f1xx_it.o
                0x0000000008000616                DebugMon_Handler
 .text.SysTick_Handler
                0x0000000008000622       0x1a Core/Src/stm32f1xx_it.o
                0x0000000008000622                SysTick_Handler
 .text.USART1_IRQHandler
                0x000000000800063c       0x14 Core/Src/stm32f1xx_it.o
                0x000000000800063c                USART1_IRQHandler
 .text._sbrk    0x0000000008000650       0x6c Core/Src/sysmem.o
                0x0000000008000650                _sbrk
 .text.SystemInit
                0x00000000080006bc        0xc Core/Src/system_stm32f1xx.o
                0x00000000080006bc                SystemInit
 .text.UARTIRQHandlerC
                0x00000000080006c8       0x28 Core/Src/tasks.o
                0x00000000080006c8                UARTIRQHandlerC
 .text.builsTasks
                0x00000000080006f0       0x58 Core/Src/tasks.o
                0x00000000080006f0                builsTasks
 .text.printAT  0x0000000008000748       0x38 Core/Src/tasks.o
                0x0000000008000748                printAT
 .text.Custom_SPI_WriteByte
                0x0000000008000780       0x7c Core/Src/tasks.o
 .text.UARTTask
                0x00000000080007fc      0x128 Core/Src/tasks.o
 .text.DriveTask
                0x0000000008000924       0xd8 Core/Src/tasks.o
 .text.Reset_Handler
                0x00000000080009fc       0x48 Core/Startup/startup_stm32f103c8tx.o
                0x00000000080009fc                Reset_Handler
 .text.Default_Handler
                0x0000000008000a44        0x2 Core/Startup/startup_stm32f103c8tx.o
                0x0000000008000a44                RTC_Alarm_IRQHandler
                0x0000000008000a44                EXTI2_IRQHandler
                0x0000000008000a44                TIM1_CC_IRQHandler
                0x0000000008000a44                PVD_IRQHandler
                0x0000000008000a44                EXTI3_IRQHandler
                0x0000000008000a44                EXTI0_IRQHandler
                0x0000000008000a44                I2C2_EV_IRQHandler
                0x0000000008000a44                ADC1_2_IRQHandler
                0x0000000008000a44                SPI1_IRQHandler
                0x0000000008000a44                TAMPER_IRQHandler
                0x0000000008000a44                DMA1_Channel4_IRQHandler
                0x0000000008000a44                USART3_IRQHandler
                0x0000000008000a44                RTC_IRQHandler
                0x0000000008000a44                DMA1_Channel7_IRQHandler
                0x0000000008000a44                CAN1_RX1_IRQHandler
                0x0000000008000a44                TIM4_IRQHandler
                0x0000000008000a44                I2C1_EV_IRQHandler
                0x0000000008000a44                DMA1_Channel6_IRQHandler
                0x0000000008000a44                TIM3_IRQHandler
                0x0000000008000a44                RCC_IRQHandler
                0x0000000008000a44                TIM1_TRG_COM_IRQHandler
                0x0000000008000a44                DMA1_Channel1_IRQHandler
                0x0000000008000a44                Default_Handler
                0x0000000008000a44                EXTI15_10_IRQHandler
                0x0000000008000a44                EXTI9_5_IRQHandler
                0x0000000008000a44                SPI2_IRQHandler
                0x0000000008000a44                DMA1_Channel5_IRQHandler
                0x0000000008000a44                EXTI4_IRQHandler
                0x0000000008000a44                USB_LP_CAN1_RX0_IRQHandler
                0x0000000008000a44                USB_HP_CAN1_TX_IRQHandler
                0x0000000008000a44                DMA1_Channel3_IRQHandler
                0x0000000008000a44                TIM1_UP_IRQHandler
                0x0000000008000a44                WWDG_IRQHandler
                0x0000000008000a44                TIM2_IRQHandler
                0x0000000008000a44                TIM1_BRK_IRQHandler
                0x0000000008000a44                EXTI1_IRQHandler
                0x0000000008000a44                USART2_IRQHandler
                0x0000000008000a44                I2C2_ER_IRQHandler
                0x0000000008000a44                DMA1_Channel2_IRQHandler
                0x0000000008000a44                CAN1_SCE_IRQHandler
                0x0000000008000a44                FLASH_IRQHandler
                0x0000000008000a44                I2C1_ER_IRQHandler
                0x0000000008000a44                USBWakeUp_IRQHandler
 *fill*         0x0000000008000a46        0x2 
 .text.HAL_Init
                0x0000000008000a48       0x2c Drivers/STM32F1xx_HAL_Driver/Src/stm32f1xx_hal.o
                0x0000000008000a48                HAL_Init
 .text.HAL_InitTick
                0x0000000008000a74       0x60 Drivers/STM32F1xx_HAL_Driver/Src/stm32f1xx_hal.o
                0x0000000008000a74                HAL_InitTick
 .text.HAL_IncTick
                0x0000000008000ad4       0x24 Drivers/STM32F1xx_HAL_Driver/Src/stm32f1xx_hal.o
                0x0000000008000ad4                HAL_IncTick
 .text.HAL_GetTick
                0x0000000008000af8       0x14 Drivers/STM32F1xx_HAL_Driver/Src/stm32f1xx_hal.o
                0x0000000008000af8                HAL_GetTick
 .text.__NVIC_SetPriorityGrouping
                0x0000000008000b0c       0x48 Drivers/STM32F1xx_HAL_Driver/Src/stm32f1xx_hal_cortex.o
 .text.__NVIC_GetPriorityGrouping
                0x0000000008000b54       0x1c Drivers/STM32F1xx_HAL_Driver/Src/stm32f1xx_hal_cortex.o
 .text.__NVIC_EnableIRQ
                0x0000000008000b70       0x38 Drivers/STM32F1xx_HAL_Driver/Src/stm32f1xx_hal_cortex.o
 .text.__NVIC_SetPriority
                0x0000000008000ba8       0x54 Drivers/STM32F1xx_HAL_Driver/Src/stm32f1xx_hal_cortex.o
 .text.NVIC_EncodePriority
                0x0000000008000bfc       0x64 Drivers/STM32F1xx_HAL_Driver/Src/stm32f1xx_hal_cortex.o
 .text.SysTick_Config
                0x0000000008000c60       0x44 Drivers/STM32F1xx_HAL_Driver/Src/stm32f1xx_hal_cortex.o
 .text.HAL_NVIC_SetPriorityGrouping
                0x0000000008000ca4       0x16 Drivers/STM32F1xx_HAL_Driver/Src/stm32f1xx_hal_cortex.o
                0x0000000008000ca4                HAL_NVIC_SetPriorityGrouping
 .text.HAL_NVIC_SetPriority
                0x0000000008000cba       0x38 Drivers/STM32F1xx_HAL_Driver/Src/stm32f1xx_hal_cortex.o
                0x0000000008000cba                HAL_NVIC_SetPriority
 .text.HAL_NVIC_EnableIRQ
                0x0000000008000cf2       0x1c Drivers/STM32F1xx_HAL_Driver/Src/stm32f1xx_hal_cortex.o
                0x0000000008000cf2                HAL_NVIC_EnableIRQ
 .text.HAL_SYSTICK_Config
                0x0000000008000d0e       0x18 Drivers/STM32F1xx_HAL_Driver/Src/stm32f1xx_hal_cortex.o
                0x0000000008000d0e                HAL_SYSTICK_Config
 *fill*         0x0000000008000d26        0x2 
 .text.HAL_DMA_Abort_IT
                0x0000000008000d28       0xec Drivers/STM32F1xx_HAL_Driver/Src/stm32f1xx_hal_dma.o
                0x0000000008000d28                HAL_DMA_Abort_IT
 .text.HAL_GPIO_Init
                0x0000000008000e14      0x308 Drivers/STM32F1xx_HAL_Driver/Src/stm32f1xx_hal_gpio.o
                0x0000000008000e14                HAL_GPIO_Init
 .text.HAL_GPIO_WritePin
                0x000000000800111c       0x30 Drivers/STM32F1xx_HAL_Driver/Src/stm32f1xx_hal_gpio.o
                0x000000000800111c                HAL_GPIO_WritePin
 .text.HAL_GPIO_TogglePin
                0x000000000800114c       0x32 Drivers/STM32F1xx_HAL_Driver/Src/stm32f1xx_hal_gpio.o
                0x000000000800114c                HAL_GPIO_TogglePin
 *fill*         0x000000000800117e        0x2 
 .text.HAL_RCC_OscConfig
                0x0000000008001180      0x500 Drivers/STM32F1xx_HAL_Driver/Src/stm32f1xx_hal_rcc.o
                0x0000000008001180                HAL_RCC_OscConfig
 .text.HAL_RCC_ClockConfig
                0x0000000008001680      0x1d4 Drivers/STM32F1xx_HAL_Driver/Src/stm32f1xx_hal_rcc.o
                0x0000000008001680                HAL_RCC_ClockConfig
 .text.HAL_RCC_GetSysClockFreq
                0x0000000008001854       0xc0 Drivers/STM32F1xx_HAL_Driver/Src/stm32f1xx_hal_rcc.o
                0x0000000008001854                HAL_RCC_GetSysClockFreq
 .text.HAL_RCC_GetHCLKFreq
                0x0000000008001914       0x14 Drivers/STM32F1xx_HAL_Driver/Src/stm32f1xx_hal_rcc.o
                0x0000000008001914                HAL_RCC_GetHCLKFreq
 .text.HAL_RCC_GetPCLK1Freq
                0x0000000008001928       0x28 Drivers/STM32F1xx_HAL_Driver/Src/stm32f1xx_hal_rcc.o
                0x0000000008001928                HAL_RCC_GetPCLK1Freq
 .text.HAL_RCC_GetPCLK2Freq
                0x0000000008001950       0x28 Drivers/STM32F1xx_HAL_Driver/Src/stm32f1xx_hal_rcc.o
                0x0000000008001950                HAL_RCC_GetPCLK2Freq
 .text.RCC_Delay
                0x0000000008001978       0x3c Drivers/STM32F1xx_HAL_Driver/Src/stm32f1xx_hal_rcc.o
 .text.HAL_UART_Init
                0x00000000080019b4       0x9a Drivers/STM32F1xx_HAL_Driver/Src/stm32f1xx_hal_uart.o
                0x00000000080019b4                HAL_UART_Init
 .text.HAL_UART_Transmit_IT
                0x0000000008001a4e       0x88 Drivers/STM32F1xx_HAL_Driver/Src/stm32f1xx_hal_uart.o
                0x0000000008001a4e                HAL_UART_Transmit_IT
 *fill*         0x0000000008001ad6        0x2 
 .text.HAL_UART_IRQHandler
                0x0000000008001ad8      0x204 Drivers/STM32F1xx_HAL_Driver/Src/stm32f1xx_hal_uart.o
                0x0000000008001ad8                HAL_UART_IRQHandler
 .text.HAL_UART_TxCpltCallback
                0x0000000008001cdc       0x12 Drivers/STM32F1xx_HAL_Driver/Src/stm32f1xx_hal_uart.o
                0x0000000008001cdc                HAL_UART_TxCpltCallback
 .text.HAL_UART_RxCpltCallback
                0x0000000008001cee       0x12 Drivers/STM32F1xx_HAL_Driver/Src/stm32f1xx_hal_uart.o
                0x0000000008001cee                HAL_UART_RxCpltCallback
 .text.HAL_UART_ErrorCallback
                0x0000000008001d00       0x12 Drivers/STM32F1xx_HAL_Driver/Src/stm32f1xx_hal_uart.o
                0x0000000008001d00                HAL_UART_ErrorCallback
 .text.UART_EndRxTransfer
                0x0000000008001d12       0x3a Drivers/STM32F1xx_HAL_Driver/Src/stm32f1xx_hal_uart.o
 .text.UART_DMAAbortOnError
                0x0000000008001d4c       0x28 Drivers/STM32F1xx_HAL_Driver/Src/stm32f1xx_hal_uart.o
 .text.UART_Transmit_IT
                0x0000000008001d74       0x9e Drivers/STM32F1xx_HAL_Driver/Src/stm32f1xx_hal_uart.o
 .text.UART_EndTransmit_IT
                0x0000000008001e12       0x30 Drivers/STM32F1xx_HAL_Driver/Src/stm32f1xx_hal_uart.o
 .text.UART_Receive_IT
                0x0000000008001e42      0x100 Drivers/STM32F1xx_HAL_Driver/Src/stm32f1xx_hal_uart.o
 *fill*         0x0000000008001f42        0x2 
 .text.UART_SetConfig
                0x0000000008001f44      0x11c Drivers/STM32F1xx_HAL_Driver/Src/stm32f1xx_hal_uart.o
 .text.makeFreeRtosPriority
                0x0000000008002060       0x2e Middlewares/Third_Party/FreeRTOS/Source/CMSIS_RTOS/cmsis_os.o
 .text.osKernelStart
                0x000000000800208e        0xe Middlewares/Third_Party/FreeRTOS/Source/CMSIS_RTOS/cmsis_os.o
                0x000000000800208e                osKernelStart
 .text.osThreadCreate
                0x000000000800209c       0x98 Middlewares/Third_Party/FreeRTOS/Source/CMSIS_RTOS/cmsis_os.o
                0x000000000800209c                osThreadCreate
 .text.osDelay  0x0000000008002134       0x28 Middlewares/Third_Party/FreeRTOS/Source/CMSIS_RTOS/cmsis_os.o
                0x0000000008002134                osDelay
 .text.vListInitialise
                0x000000000800215c       0x3e Middlewares/Third_Party/FreeRTOS/Source/list.o
                0x000000000800215c                vListInitialise
 .text.vListInitialiseItem
                0x000000000800219a       0x18 Middlewares/Third_Party/FreeRTOS/Source/list.o
                0x000000000800219a                vListInitialiseItem
 .text.vListInsertEnd
                0x00000000080021b2       0x46 Middlewares/Third_Party/FreeRTOS/Source/list.o
                0x00000000080021b2                vListInsertEnd
 .text.vListInsert
                0x00000000080021f8       0x70 Middlewares/Third_Party/FreeRTOS/Source/list.o
                0x00000000080021f8                vListInsert
 .text.uxListRemove
                0x0000000008002268       0x52 Middlewares/Third_Party/FreeRTOS/Source/list.o
                0x0000000008002268                uxListRemove
 *fill*         0x00000000080022ba        0x2 
 .text.xQueueGenericReset
                0x00000000080022bc       0xd0 Middlewares/Third_Party/FreeRTOS/Source/queue.o
                0x00000000080022bc                xQueueGenericReset
 .text.xQueueGenericCreate
                0x000000000800238c       0x7c Middlewares/Third_Party/FreeRTOS/Source/queue.o
                0x000000000800238c                xQueueGenericCreate
 .text.prvInitialiseNewQueue
                0x0000000008002408       0x3e Middlewares/Third_Party/FreeRTOS/Source/queue.o
 *fill*         0x0000000008002446        0x2 
 .text.xQueueGenericSend
                0x0000000008002448      0x1fc Middlewares/Third_Party/FreeRTOS/Source/queue.o
                0x0000000008002448                xQueueGenericSend
 .text.xQueueReceive
                0x0000000008002644      0x1c0 Middlewares/Third_Party/FreeRTOS/Source/queue.o
                0x0000000008002644                xQueueReceive
 .text.prvCopyDataToQueue
                0x0000000008002804       0xd4 Middlewares/Third_Party/FreeRTOS/Source/queue.o
 .text.prvCopyDataFromQueue
                0x00000000080028d8       0x4c Middlewares/Third_Party/FreeRTOS/Source/queue.o
 .text.prvUnlockQueue
                0x0000000008002924       0xa4 Middlewares/Third_Party/FreeRTOS/Source/queue.o
 .text.prvIsQueueEmpty
                0x00000000080029c8       0x2c Middlewares/Third_Party/FreeRTOS/Source/queue.o
 .text.prvIsQueueFull
                0x00000000080029f4       0x30 Middlewares/Third_Party/FreeRTOS/Source/queue.o
 .text.xTaskCreateStatic
                0x0000000008002a24       0xb8 Middlewares/Third_Party/FreeRTOS/Source/tasks.o
                0x0000000008002a24                xTaskCreateStatic
 .text.xTaskCreate
                0x0000000008002adc       0x8a Middlewares/Third_Party/FreeRTOS/Source/tasks.o
                0x0000000008002adc                xTaskCreate
 .text.prvInitialiseNewTask
                0x0000000008002b66       0xfe Middlewares/Third_Party/FreeRTOS/Source/tasks.o
 .text.prvAddNewTaskToReadyList
                0x0000000008002c64       0xd4 Middlewares/Third_Party/FreeRTOS/Source/tasks.o
 .text.vTaskDelay
                0x0000000008002d38       0x68 Middlewares/Third_Party/FreeRTOS/Source/tasks.o
                0x0000000008002d38                vTaskDelay
 .text.vTaskStartScheduler
                0x0000000008002da0       0xc0 Middlewares/Third_Party/FreeRTOS/Source/tasks.o
                0x0000000008002da0                vTaskStartScheduler
 .text.vTaskSuspendAll
                0x0000000008002e60       0x1c Middlewares/Third_Party/FreeRTOS/Source/tasks.o
                0x0000000008002e60                vTaskSuspendAll
 .text.xTaskResumeAll
                0x0000000008002e7c      0x138 Middlewares/Third_Party/FreeRTOS/Source/tasks.o
                0x0000000008002e7c                xTaskResumeAll
 .text.xTaskIncrementTick
                0x0000000008002fb4      0x17c Middlewares/Third_Party/FreeRTOS/Source/tasks.o
                0x0000000008002fb4                xTaskIncrementTick
 .text.vTaskSwitchContext
                0x0000000008003130       0xb4 Middlewares/Third_Party/FreeRTOS/Source/tasks.o
                0x0000000008003130                vTaskSwitchContext
 .text.vTaskPlaceOnEventList
                0x00000000080031e4       0x48 Middlewares/Third_Party/FreeRTOS/Source/tasks.o
                0x00000000080031e4                vTaskPlaceOnEventList
 .text.xTaskRemoveFromEventList
                0x000000000800322c       0xc4 Middlewares/Third_Party/FreeRTOS/Source/tasks.o
                0x000000000800322c                xTaskRemoveFromEventList
 .text.vTaskInternalSetTimeOutState
                0x00000000080032f0       0x2c Middlewares/Third_Party/FreeRTOS/Source/tasks.o
                0x00000000080032f0                vTaskInternalSetTimeOutState
 .text.xTaskCheckForTimeOut
                0x000000000800331c       0xc4 Middlewares/Third_Party/FreeRTOS/Source/tasks.o
                0x000000000800331c                xTaskCheckForTimeOut
 .text.vTaskMissedYield
                0x00000000080033e0       0x18 Middlewares/Third_Party/FreeRTOS/Source/tasks.o
                0x00000000080033e0                vTaskMissedYield
 .text.prvIdleTask
                0x00000000080033f8       0x30 Middlewares/Third_Party/FreeRTOS/Source/tasks.o
 .text.prvInitialiseTaskLists
                0x0000000008003428       0x80 Middlewares/Third_Party/FreeRTOS/Source/tasks.o
 .text.prvCheckTasksWaitingTermination
                0x00000000080034a8       0x5c Middlewares/Third_Party/FreeRTOS/Source/tasks.o
 .text.prvDeleteTCB
                0x0000000008003504       0x5e Middlewares/Third_Party/FreeRTOS/Source/tasks.o
 *fill*         0x0000000008003562        0x2 
 .text.prvResetNextTaskUnblockTime
                0x0000000008003564       0x48 Middlewares/Third_Party/FreeRTOS/Source/tasks.o
 .text.xTaskGetSchedulerState
                0x00000000080035ac       0x3c Middlewares/Third_Party/FreeRTOS/Source/tasks.o
                0x00000000080035ac                xTaskGetSchedulerState
 .text.xTaskPriorityDisinherit
                0x00000000080035e8      0x10c Middlewares/Third_Party/FreeRTOS/Source/tasks.o
                0x00000000080035e8                xTaskPriorityDisinherit
 .text.prvAddCurrentTaskToDelayedList
                0x00000000080036f4       0xcc Middlewares/Third_Party/FreeRTOS/Source/tasks.o
 .text.pxPortInitialiseStack
                0x00000000080037c0       0x58 Middlewares/Third_Party/FreeRTOS/Source/portable/GCC/ARM_CM3/port.o
                0x00000000080037c0                pxPortInitialiseStack
 .text.prvTaskExitError
                0x0000000008003818       0x58 Middlewares/Third_Party/FreeRTOS/Source/portable/GCC/ARM_CM3/port.o
 .text.SVC_Handler
                0x0000000008003870       0x28 Middlewares/Third_Party/FreeRTOS/Source/portable/GCC/ARM_CM3/port.o
                0x0000000008003870                SVC_Handler
 .text.prvPortStartFirstTask
                0x0000000008003898       0x20 Middlewares/Third_Party/FreeRTOS/Source/portable/GCC/ARM_CM3/port.o
 .text.xPortStartScheduler
                0x00000000080038b8       0xe4 Middlewares/Third_Party/FreeRTOS/Source/portable/GCC/ARM_CM3/port.o
                0x00000000080038b8                xPortStartScheduler
 .text.vPortEnterCritical
                0x000000000800399c       0x60 Middlewares/Third_Party/FreeRTOS/Source/portable/GCC/ARM_CM3/port.o
                0x000000000800399c                vPortEnterCritical
 .text.vPortExitCritical
                0x00000000080039fc       0x50 Middlewares/Third_Party/FreeRTOS/Source/portable/GCC/ARM_CM3/port.o
                0x00000000080039fc                vPortExitCritical
 *fill*         0x0000000008003a4c        0x4 
 .text.PendSV_Handler
                0x0000000008003a50       0x48 Middlewares/Third_Party/FreeRTOS/Source/portable/GCC/ARM_CM3/port.o
                0x0000000008003a50                PendSV_Handler
 .text.xPortSysTickHandler
                0x0000000008003a98       0x44 Middlewares/Third_Party/FreeRTOS/Source/portable/GCC/ARM_CM3/port.o
                0x0000000008003a98                xPortSysTickHandler
 .text.vPortSetupTimerInterrupt
                0x0000000008003adc       0x44 Middlewares/Third_Party/FreeRTOS/Source/portable/GCC/ARM_CM3/port.o
                0x0000000008003adc                vPortSetupTimerInterrupt
 .text.pvPortMalloc
                0x0000000008003b20      0x188 Middlewares/Third_Party/FreeRTOS/Source/portable/MemMang/heap_4.o
                0x0000000008003b20                pvPortMalloc
 .text.vPortFree
                0x0000000008003ca8       0xb4 Middlewares/Third_Party/FreeRTOS/Source/portable/MemMang/heap_4.o
                0x0000000008003ca8                vPortFree
 .text.prvHeapInit
                0x0000000008003d5c       0xc4 Middlewares/Third_Party/FreeRTOS/Source/portable/MemMang/heap_4.o
 .text.prvInsertBlockIntoFreeList
                0x0000000008003e20       0xb0 Middlewares/Third_Party/FreeRTOS/Source/portable/MemMang/heap_4.o
 .text.__errno  0x0000000008003ed0        0xc c:/st/stm32cubeide_1.5.1/stm32cubeide/plugins/com.st.stm32cube.ide.mcu.externaltools.gnu-tools-for-stm32.7-2018-q2-update.win32_1.5.0.202011040924/tools/bin/../lib/gcc/arm-none-eabi/7.3.1/../../../../arm-none-eabi/lib/thumb/v7-m\libc_nano.a(lib_a-errno.o)
                0x0000000008003ed0                __errno
 .text.__libc_init_array
                0x0000000008003edc       0x48 c:/st/stm32cubeide_1.5.1/stm32cubeide/plugins/com.st.stm32cube.ide.mcu.externaltools.gnu-tools-for-stm32.7-2018-q2-update.win32_1.5.0.202011040924/tools/bin/../lib/gcc/arm-none-eabi/7.3.1/../../../../arm-none-eabi/lib/thumb/v7-m\libc_nano.a(lib_a-init.o)
                0x0000000008003edc                __libc_init_array
 .text.memcpy   0x0000000008003f24       0x16 c:/st/stm32cubeide_1.5.1/stm32cubeide/plugins/com.st.stm32cube.ide.mcu.externaltools.gnu-tools-for-stm32.7-2018-q2-update.win32_1.5.0.202011040924/tools/bin/../lib/gcc/arm-none-eabi/7.3.1/../../../../arm-none-eabi/lib/thumb/v7-m\libc_nano.a(lib_a-memcpy-stub.o)
                0x0000000008003f24                memcpy
 .text.memset   0x0000000008003f3a       0x10 c:/st/stm32cubeide_1.5.1/stm32cubeide/plugins/com.st.stm32cube.ide.mcu.externaltools.gnu-tools-for-stm32.7-2018-q2-update.win32_1.5.0.202011040924/tools/bin/../lib/gcc/arm-none-eabi/7.3.1/../../../../arm-none-eabi/lib/thumb/v7-m\libc_nano.a(lib_a-memset.o)
                0x0000000008003f3a                memset
 *fill*         0x0000000008003f4a        0x2 
 .text.sprintf  0x0000000008003f4c       0x40 c:/st/stm32cubeide_1.5.1/stm32cubeide/plugins/com.st.stm32cube.ide.mcu.externaltools.gnu-tools-for-stm32.7-2018-q2-update.win32_1.5.0.202011040924/tools/bin/../lib/gcc/arm-none-eabi/7.3.1/../../../../arm-none-eabi/lib/thumb/v7-m\libc_nano.a(lib_a-sprintf.o)
                0x0000000008003f4c                siprintf
                0x0000000008003f4c                sprintf
 .text.__ssputs_r
                0x0000000008003f8c       0xb4 c:/st/stm32cubeide_1.5.1/stm32cubeide/plugins/com.st.stm32cube.ide.mcu.externaltools.gnu-tools-for-stm32.7-2018-q2-update.win32_1.5.0.202011040924/tools/bin/../lib/gcc/arm-none-eabi/7.3.1/../../../../arm-none-eabi/lib/thumb/v7-m\libc_nano.a(lib_a-nano-svfprintf.o)
                0x0000000008003f8c                __ssputs_r
 .text._svfprintf_r
                0x0000000008004040      0x1f0 c:/st/stm32cubeide_1.5.1/stm32cubeide/plugins/com.st.stm32cube.ide.mcu.externaltools.gnu-tools-for-stm32.7-2018-q2-update.win32_1.5.0.202011040924/tools/bin/../lib/gcc/arm-none-eabi/7.3.1/../../../../arm-none-eabi/lib/thumb/v7-m\libc_nano.a(lib_a-nano-svfprintf.o)
                0x0000000008004040                _svfiprintf_r
                0x0000000008004040                _svfprintf_r
 .text._printf_common
                0x0000000008004230       0xec c:/st/stm32cubeide_1.5.1/stm32cubeide/plugins/com.st.stm32cube.ide.mcu.externaltools.gnu-tools-for-stm32.7-2018-q2-update.win32_1.5.0.202011040924/tools/bin/../lib/gcc/arm-none-eabi/7.3.1/../../../../arm-none-eabi/lib/thumb/v7-m\libc_nano.a(lib_a-nano-vfprintf_i.o)
                0x0000000008004230                _printf_common
 .text._printf_i
                0x000000000800431c      0x224 c:/st/stm32cubeide_1.5.1/stm32cubeide/plugins/com.st.stm32cube.ide.mcu.externaltools.gnu-tools-for-stm32.7-2018-q2-update.win32_1.5.0.202011040924/tools/bin/../lib/gcc/arm-none-eabi/7.3.1/../../../../arm-none-eabi/lib/thumb/v7-m\libc_nano.a(lib_a-nano-vfprintf_i.o)
                0x000000000800431c                _printf_i
 .text.memchr   0x0000000008004540       0x1c c:/st/stm32cubeide_1.5.1/stm32cubeide/plugins/com.st.stm32cube.ide.mcu.externaltools.gnu-tools-for-stm32.7-2018-q2-update.win32_1.5.0.202011040924/tools/bin/../lib/gcc/arm-none-eabi/7.3.1/../../../../arm-none-eabi/lib/thumb/v7-m\libc_nano.a(lib_a-memchr-stub.o)
                0x0000000008004540                memchr
 .text.memmove  0x000000000800455c       0x32 c:/st/stm32cubeide_1.5.1/stm32cubeide/plugins/com.st.stm32cube.ide.mcu.externaltools.gnu-tools-for-stm32.7-2018-q2-update.win32_1.5.0.202011040924/tools/bin/../lib/gcc/arm-none-eabi/7.3.1/../../../../arm-none-eabi/lib/thumb/v7-m\libc_nano.a(lib_a-memmove.o)
                0x000000000800455c                memmove
 *fill*         0x000000000800458e        0x2 
 .text._free_r  0x0000000008004590       0x98 c:/st/stm32cubeide_1.5.1/stm32cubeide/plugins/com.st.stm32cube.ide.mcu.externaltools.gnu-tools-for-stm32.7-2018-q2-update.win32_1.5.0.202011040924/tools/bin/../lib/gcc/arm-none-eabi/7.3.1/../../../../arm-none-eabi/lib/thumb/v7-m\libc_nano.a(lib_a-nano-freer.o)
                0x0000000008004590                _free_r
 .text._malloc_r
                0x0000000008004628       0xb4 c:/st/stm32cubeide_1.5.1/stm32cubeide/plugins/com.st.stm32cube.ide.mcu.externaltools.gnu-tools-for-stm32.7-2018-q2-update.win32_1.5.0.202011040924/tools/bin/../lib/gcc/arm-none-eabi/7.3.1/../../../../arm-none-eabi/lib/thumb/v7-m\libc_nano.a(lib_a-nano-mallocr.o)
                0x0000000008004628                _malloc_r
 .text._realloc_r
                0x00000000080046dc       0x4c c:/st/stm32cubeide_1.5.1/stm32cubeide/plugins/com.st.stm32cube.ide.mcu.externaltools.gnu-tools-for-stm32.7-2018-q2-update.win32_1.5.0.202011040924/tools/bin/../lib/gcc/arm-none-eabi/7.3.1/../../../../arm-none-eabi/lib/thumb/v7-m\libc_nano.a(lib_a-nano-reallocr.o)
                0x00000000080046dc                _realloc_r
 .text._sbrk_r  0x0000000008004728       0x20 c:/st/stm32cubeide_1.5.1/stm32cubeide/plugins/com.st.stm32cube.ide.mcu.externaltools.gnu-tools-for-stm32.7-2018-q2-update.win32_1.5.0.202011040924/tools/bin/../lib/gcc/arm-none-eabi/7.3.1/../../../../arm-none-eabi/lib/thumb/v7-m\libc_nano.a(lib_a-sbrkr.o)
                0x0000000008004728                _sbrk_r
 .text.__malloc_lock
                0x0000000008004748        0x2 c:/st/stm32cubeide_1.5.1/stm32cubeide/plugins/com.st.stm32cube.ide.mcu.externaltools.gnu-tools-for-stm32.7-2018-q2-update.win32_1.5.0.202011040924/tools/bin/../lib/gcc/arm-none-eabi/7.3.1/../../../../arm-none-eabi/lib/thumb/v7-m\libc_nano.a(lib_a-mlock.o)
                0x0000000008004748                __malloc_lock
 .text.__malloc_unlock
                0x000000000800474a        0x2 c:/st/stm32cubeide_1.5.1/stm32cubeide/plugins/com.st.stm32cube.ide.mcu.externaltools.gnu-tools-for-stm32.7-2018-q2-update.win32_1.5.0.202011040924/tools/bin/../lib/gcc/arm-none-eabi/7.3.1/../../../../arm-none-eabi/lib/thumb/v7-m\libc_nano.a(lib_a-mlock.o)
                0x000000000800474a                __malloc_unlock
 .text._malloc_usable_size_r
                0x000000000800474c       0x10 c:/st/stm32cubeide_1.5.1/stm32cubeide/plugins/com.st.stm32cube.ide.mcu.externaltools.gnu-tools-for-stm32.7-2018-q2-update.win32_1.5.0.202011040924/tools/bin/../lib/gcc/arm-none-eabi/7.3.1/../../../../arm-none-eabi/lib/thumb/v7-m\libc_nano.a(lib_a-nano-msizer.o)
                0x000000000800474c                _malloc_usable_size_r
 *(.glue_7)
 .glue_7        0x000000000800475c        0x0 linker stubs
 *(.glue_7t)
 .glue_7t       0x000000000800475c        0x0 linker stubs
 *(.eh_frame)
 .eh_frame      0x000000000800475c        0x0 c:/st/stm32cubeide_1.5.1/stm32cubeide/plugins/com.st.stm32cube.ide.mcu.externaltools.gnu-tools-for-stm32.7-2018-q2-update.win32_1.5.0.202011040924/tools/bin/../lib/gcc/arm-none-eabi/7.3.1/thumb/v7-m/crtbegin.o
 *(.init)
 .init          0x000000000800475c        0x4 c:/st/stm32cubeide_1.5.1/stm32cubeide/plugins/com.st.stm32cube.ide.mcu.externaltools.gnu-tools-for-stm32.7-2018-q2-update.win32_1.5.0.202011040924/tools/bin/../lib/gcc/arm-none-eabi/7.3.1/thumb/v7-m/crti.o
                0x000000000800475c                _init
 .init          0x0000000008004760        0x8 c:/st/stm32cubeide_1.5.1/stm32cubeide/plugins/com.st.stm32cube.ide.mcu.externaltools.gnu-tools-for-stm32.7-2018-q2-update.win32_1.5.0.202011040924/tools/bin/../lib/gcc/arm-none-eabi/7.3.1/thumb/v7-m/crtn.o
 *(.fini)
 .fini          0x0000000008004768        0x4 c:/st/stm32cubeide_1.5.1/stm32cubeide/plugins/com.st.stm32cube.ide.mcu.externaltools.gnu-tools-for-stm32.7-2018-q2-update.win32_1.5.0.202011040924/tools/bin/../lib/gcc/arm-none-eabi/7.3.1/thumb/v7-m/crti.o
                0x0000000008004768                _fini
 .fini          0x000000000800476c        0x8 c:/st/stm32cubeide_1.5.1/stm32cubeide/plugins/com.st.stm32cube.ide.mcu.externaltools.gnu-tools-for-stm32.7-2018-q2-update.win32_1.5.0.202011040924/tools/bin/../lib/gcc/arm-none-eabi/7.3.1/thumb/v7-m/crtn.o
                0x0000000008004774                . = ALIGN (0x4)
                0x0000000008004774                _etext = .

.vfp11_veneer   0x0000000008004774        0x0
 .vfp11_veneer  0x0000000008004774        0x0 linker stubs

.v4_bx          0x0000000008004774        0x0
 .v4_bx         0x0000000008004774        0x0 linker stubs

.iplt           0x0000000008004774        0x0
 .iplt          0x0000000008004774        0x0 c:/st/stm32cubeide_1.5.1/stm32cubeide/plugins/com.st.stm32cube.ide.mcu.externaltools.gnu-tools-for-stm32.7-2018-q2-update.win32_1.5.0.202011040924/tools/bin/../lib/gcc/arm-none-eabi/7.3.1/thumb/v7-m/crtbegin.o

.rodata         0x0000000008004774      0x12c
                0x0000000008004774                . = ALIGN (0x4)
 *(.rodata)
 .rodata        0x0000000008004774       0x28 Core/Src/main.o
 .rodata        0x000000000800479c       0xa0 Core/Src/tasks.o
 .rodata        0x000000000800483c       0x10 Drivers/STM32F1xx_HAL_Driver/Src/stm32f1xx_hal_rcc.o
 .rodata        0x000000000800484c        0x5 Middlewares/Third_Party/FreeRTOS/Source/tasks.o
 *(.rodata*)
 *fill*         0x0000000008004851        0x3 
 .rodata.AHBPrescTable
                0x0000000008004854       0x10 Core/Src/system_stm32f1xx.o
                0x0000000008004854                AHBPrescTable
 .rodata.APBPrescTable
                0x0000000008004864        0x8 Core/Src/system_stm32f1xx.o
                0x0000000008004864                APBPrescTable
 .rodata._svfprintf_r.str1.1
                0x000000000800486c       0x11 c:/st/stm32cubeide_1.5.1/stm32cubeide/plugins/com.st.stm32cube.ide.mcu.externaltools.gnu-tools-for-stm32.7-2018-q2-update.win32_1.5.0.202011040924/tools/bin/../lib/gcc/arm-none-eabi/7.3.1/../../../../arm-none-eabi/lib/thumb/v7-m\libc_nano.a(lib_a-nano-svfprintf.o)
 .rodata._printf_i.str1.1
                0x000000000800487d       0x22 c:/st/stm32cubeide_1.5.1/stm32cubeide/plugins/com.st.stm32cube.ide.mcu.externaltools.gnu-tools-for-stm32.7-2018-q2-update.win32_1.5.0.202011040924/tools/bin/../lib/gcc/arm-none-eabi/7.3.1/../../../../arm-none-eabi/lib/thumb/v7-m\libc_nano.a(lib_a-nano-vfprintf_i.o)
                0x00000000080048a0                . = ALIGN (0x4)
 *fill*         0x000000000800489f        0x1 

.rel.dyn        0x00000000080048a0        0x0
 .rel.iplt      0x00000000080048a0        0x0 c:/st/stm32cubeide_1.5.1/stm32cubeide/plugins/com.st.stm32cube.ide.mcu.externaltools.gnu-tools-for-stm32.7-2018-q2-update.win32_1.5.0.202011040924/tools/bin/../lib/gcc/arm-none-eabi/7.3.1/thumb/v7-m/crtbegin.o

.ARM.extab      0x00000000080048a0        0x0
                0x00000000080048a0                . = ALIGN (0x4)
 *(.ARM.extab* .gnu.linkonce.armextab.*)
                0x00000000080048a0                . = ALIGN (0x4)

.ARM            0x00000000080048a0        0x0
                0x00000000080048a0                . = ALIGN (0x4)
                0x00000000080048a0                __exidx_start = .
 *(.ARM.exidx*)
                0x00000000080048a0                __exidx_end = .
                0x00000000080048a0                . = ALIGN (0x4)

.preinit_array  0x00000000080048a0        0x0
                0x00000000080048a0                . = ALIGN (0x4)
                0x00000000080048a0                PROVIDE (__preinit_array_start = .)
 *(.preinit_array*)
                0x00000000080048a0                PROVIDE (__preinit_array_end = .)
                0x00000000080048a0                . = ALIGN (0x4)

.init_array     0x00000000080048a0        0x4
                0x00000000080048a0                . = ALIGN (0x4)
                0x00000000080048a0                PROVIDE (__init_array_start = .)
 *(SORT_BY_NAME(.init_array.*))
 *(.init_array*)
 .init_array    0x00000000080048a0        0x4 c:/st/stm32cubeide_1.5.1/stm32cubeide/plugins/com.st.stm32cube.ide.mcu.externaltools.gnu-tools-for-stm32.7-2018-q2-update.win32_1.5.0.202011040924/tools/bin/../lib/gcc/arm-none-eabi/7.3.1/thumb/v7-m/crtbegin.o
                0x00000000080048a4                PROVIDE (__init_array_end = .)
                0x00000000080048a4                . = ALIGN (0x4)

.fini_array     0x00000000080048a4        0x4
                0x00000000080048a4                . = ALIGN (0x4)
                [!provide]                        PROVIDE (__fini_array_start = .)
 *(SORT_BY_NAME(.fini_array.*))
 *(.fini_array*)
 .fini_array    0x00000000080048a4        0x4 c:/st/stm32cubeide_1.5.1/stm32cubeide/plugins/com.st.stm32cube.ide.mcu.externaltools.gnu-tools-for-stm32.7-2018-q2-update.win32_1.5.0.202011040924/tools/bin/../lib/gcc/arm-none-eabi/7.3.1/thumb/v7-m/crtbegin.o
                [!provide]                        PROVIDE (__fini_array_end = .)
                0x00000000080048a8                . = ALIGN (0x4)
                0x00000000080048a8                _sidata = LOADADDR (.data)

.data           0x0000000020000000       0x74 load address 0x00000000080048a8
                0x0000000020000000                . = ALIGN (0x4)
                0x0000000020000000                _sdata = .
 *(.data)
 *(.data*)
 .data.SystemCoreClock
                0x0000000020000000        0x4 Core/Src/system_stm32f1xx.o
                0x0000000020000000                SystemCoreClock
 .data.uwTickPrio
                0x0000000020000004        0x4 Drivers/STM32F1xx_HAL_Driver/Src/stm32f1xx_hal.o
                0x0000000020000004                uwTickPrio
 .data.uwTickFreq
                0x0000000020000008        0x1 Drivers/STM32F1xx_HAL_Driver/Src/stm32f1xx_hal.o
                0x0000000020000008                uwTickFreq
 *fill*         0x0000000020000009        0x3 
 .data.uxCriticalNesting
                0x000000002000000c        0x4 Middlewares/Third_Party/FreeRTOS/Source/portable/GCC/ARM_CM3/port.o
 .data._impure_ptr
                0x0000000020000010        0x4 c:/st/stm32cubeide_1.5.1/stm32cubeide/plugins/com.st.stm32cube.ide.mcu.externaltools.gnu-tools-for-stm32.7-2018-q2-update.win32_1.5.0.202011040924/tools/bin/../lib/gcc/arm-none-eabi/7.3.1/../../../../arm-none-eabi/lib/thumb/v7-m\libc_nano.a(lib_a-impure.o)
                0x0000000020000010                _impure_ptr
 .data.impure_data
                0x0000000020000014       0x60 c:/st/stm32cubeide_1.5.1/stm32cubeide/plugins/com.st.stm32cube.ide.mcu.externaltools.gnu-tools-for-stm32.7-2018-q2-update.win32_1.5.0.202011040924/tools/bin/../lib/gcc/arm-none-eabi/7.3.1/../../../../arm-none-eabi/lib/thumb/v7-m\libc_nano.a(lib_a-impure.o)
 *(.RamFunc)
 *(.RamFunc*)
                0x0000000020000074                . = ALIGN (0x4)
                0x0000000020000074                _edata = .

.igot.plt       0x0000000020000074        0x0 load address 0x000000000800491c
 .igot.plt      0x0000000020000074        0x0 c:/st/stm32cubeide_1.5.1/stm32cubeide/plugins/com.st.stm32cube.ide.mcu.externaltools.gnu-tools-for-stm32.7-2018-q2-update.win32_1.5.0.202011040924/tools/bin/../lib/gcc/arm-none-eabi/7.3.1/thumb/v7-m/crtbegin.o
                0x0000000020000074                . = ALIGN (0x4)

.bss            0x0000000020000074     0x1888 load address 0x000000000800491c
                0x0000000020000074                _sbss = .
                0x0000000020000074                __bss_start__ = _sbss
 *(.bss)
 .bss           0x0000000020000074       0x1c c:/st/stm32cubeide_1.5.1/stm32cubeide/plugins/com.st.stm32cube.ide.mcu.externaltools.gnu-tools-for-stm32.7-2018-q2-update.win32_1.5.0.202011040924/tools/bin/../lib/gcc/arm-none-eabi/7.3.1/thumb/v7-m/crtbegin.o
 *(.bss*)
 .bss.CurentPos
                0x0000000020000090        0x2 Core/Src/Circular_buffer.o
 .bss.CurentBack
                0x0000000020000092        0x2 Core/Src/Circular_buffer.o
 .bss.CurentLenght
                0x0000000020000094        0x2 Core/Src/Circular_buffer.o
 *fill*         0x0000000020000096        0x2 
 .bss.buf       0x0000000020000098      0x800 Core/Src/Circular_buffer.o
 .bss.coint.4977
                0x0000000020000898        0x4 Core/Src/Circular_buffer.o
 .bss.xIdleTaskTCBBuffer
                0x000000002000089c       0x54 Core/Src/freertos.o
 .bss.xIdleStack
                0x00000000200008f0      0x200 Core/Src/freertos.o
 .bss.__sbrk_heap_end
                0x0000000020000af0        0x4 Core/Src/sysmem.o
 .bss.queueDerection
                0x0000000020000af4        0x4 Core/Src/tasks.o
 .bss.print.7357
                0x0000000020000af8       0x64 Core/Src/tasks.o
 .bss.pxCurrentTCB
                0x0000000020000b5c        0x4 Middlewares/Third_Party/FreeRTOS/Source/tasks.o
                0x0000000020000b5c                pxCurrentTCB
 .bss.pxReadyTasksLists
                0x0000000020000b60       0x8c Middlewares/Third_Party/FreeRTOS/Source/tasks.o
 .bss.xDelayedTaskList1
                0x0000000020000bec       0x14 Middlewares/Third_Party/FreeRTOS/Source/tasks.o
 .bss.xDelayedTaskList2
                0x0000000020000c00       0x14 Middlewares/Third_Party/FreeRTOS/Source/tasks.o
 .bss.pxDelayedTaskList
                0x0000000020000c14        0x4 Middlewares/Third_Party/FreeRTOS/Source/tasks.o
 .bss.pxOverflowDelayedTaskList
                0x0000000020000c18        0x4 Middlewares/Third_Party/FreeRTOS/Source/tasks.o
 .bss.xPendingReadyList
                0x0000000020000c1c       0x14 Middlewares/Third_Party/FreeRTOS/Source/tasks.o
 .bss.xTasksWaitingTermination
                0x0000000020000c30       0x14 Middlewares/Third_Party/FreeRTOS/Source/tasks.o
 .bss.uxDeletedTasksWaitingCleanUp
                0x0000000020000c44        0x4 Middlewares/Third_Party/FreeRTOS/Source/tasks.o
 .bss.xSuspendedTaskList
                0x0000000020000c48       0x14 Middlewares/Third_Party/FreeRTOS/Source/tasks.o
 .bss.uxCurrentNumberOfTasks
                0x0000000020000c5c        0x4 Middlewares/Third_Party/FreeRTOS/Source/tasks.o
 .bss.xTickCount
                0x0000000020000c60        0x4 Middlewares/Third_Party/FreeRTOS/Source/tasks.o
 .bss.uxTopReadyPriority
                0x0000000020000c64        0x4 Middlewares/Third_Party/FreeRTOS/Source/tasks.o
 .bss.xSchedulerRunning
                0x0000000020000c68        0x4 Middlewares/Third_Party/FreeRTOS/Source/tasks.o
 .bss.uxPendedTicks
                0x0000000020000c6c        0x4 Middlewares/Third_Party/FreeRTOS/Source/tasks.o
 .bss.xYieldPending
                0x0000000020000c70        0x4 Middlewares/Third_Party/FreeRTOS/Source/tasks.o
 .bss.xNumOfOverflows
                0x0000000020000c74        0x4 Middlewares/Third_Party/FreeRTOS/Source/tasks.o
 .bss.uxTaskNumber
                0x0000000020000c78        0x4 Middlewares/Third_Party/FreeRTOS/Source/tasks.o
 .bss.xNextTaskUnblockTime
                0x0000000020000c7c        0x4 Middlewares/Third_Party/FreeRTOS/Source/tasks.o
 .bss.xIdleTaskHandle
                0x0000000020000c80        0x4 Middlewares/Third_Party/FreeRTOS/Source/tasks.o
 .bss.uxSchedulerSuspended
                0x0000000020000c84        0x4 Middlewares/Third_Party/FreeRTOS/Source/tasks.o
 .bss.ucMaxSysCallPriority
                0x0000000020000c88        0x1 Middlewares/Third_Party/FreeRTOS/Source/portable/GCC/ARM_CM3/port.o
 *fill*         0x0000000020000c89        0x3 
 .bss.ulMaxPRIGROUPValue
                0x0000000020000c8c        0x4 Middlewares/Third_Party/FreeRTOS/Source/portable/GCC/ARM_CM3/port.o
 .bss.ucHeap    0x0000000020000c90      0xc00 Middlewares/Third_Party/FreeRTOS/Source/portable/MemMang/heap_4.o
 .bss.xStart    0x0000000020001890        0x8 Middlewares/Third_Party/FreeRTOS/Source/portable/MemMang/heap_4.o
 .bss.pxEnd     0x0000000020001898        0x4 Middlewares/Third_Party/FreeRTOS/Source/portable/MemMang/heap_4.o
 .bss.xFreeBytesRemaining
                0x000000002000189c        0x4 Middlewares/Third_Party/FreeRTOS/Source/portable/MemMang/heap_4.o
 .bss.xMinimumEverFreeBytesRemaining
                0x00000000200018a0        0x4 Middlewares/Third_Party/FreeRTOS/Source/portable/MemMang/heap_4.o
 .bss.xBlockAllocatedBit
                0x00000000200018a4        0x4 Middlewares/Third_Party/FreeRTOS/Source/portable/MemMang/heap_4.o
 .bss.__malloc_free_list
                0x00000000200018a8        0x4 c:/st/stm32cubeide_1.5.1/stm32cubeide/plugins/com.st.stm32cube.ide.mcu.externaltools.gnu-tools-for-stm32.7-2018-q2-update.win32_1.5.0.202011040924/tools/bin/../lib/gcc/arm-none-eabi/7.3.1/../../../../arm-none-eabi/lib/thumb/v7-m\libc_nano.a(lib_a-nano-mallocr.o)
                0x00000000200018a8                __malloc_free_list
 .bss.__malloc_sbrk_start
                0x00000000200018ac        0x4 c:/st/stm32cubeide_1.5.1/stm32cubeide/plugins/com.st.stm32cube.ide.mcu.externaltools.gnu-tools-for-stm32.7-2018-q2-update.win32_1.5.0.202011040924/tools/bin/../lib/gcc/arm-none-eabi/7.3.1/../../../../arm-none-eabi/lib/thumb/v7-m\libc_nano.a(lib_a-nano-mallocr.o)
                0x00000000200018ac                __malloc_sbrk_start
 *(COMMON)
 COMMON         0x00000000200018b0       0x44 Core/Src/main.o
                0x00000000200018b0                defaultTaskHandle
                0x00000000200018b4                huart1
 COMMON         0x00000000200018f4        0x4 Drivers/STM32F1xx_HAL_Driver/Src/stm32f1xx_hal.o
                0x00000000200018f4                uwTick
 COMMON         0x00000000200018f8        0x4 c:/st/stm32cubeide_1.5.1/stm32cubeide/plugins/com.st.stm32cube.ide.mcu.externaltools.gnu-tools-for-stm32.7-2018-q2-update.win32_1.5.0.202011040924/tools/bin/../lib/gcc/arm-none-eabi/7.3.1/../../../../arm-none-eabi/lib/thumb/v7-m\libc_nano.a(lib_a-reent.o)
                0x00000000200018f8                errno
                0x00000000200018fc                . = ALIGN (0x4)
                0x00000000200018fc                _ebss = .
                0x00000000200018fc                __bss_end__ = _ebss

._user_heap_stack
                0x00000000200018fc      0x604 load address 0x000000000800491c
                0x0000000020001900                . = ALIGN (0x8)
 *fill*         0x00000000200018fc        0x4 
                [!provide]                        PROVIDE (end = .)
                0x0000000020001900                PROVIDE (_end = .)
                0x0000000020001b00                . = (. + _Min_Heap_Size)
 *fill*         0x0000000020001900      0x200 
                0x0000000020001f00                . = (. + _Min_Stack_Size)
 *fill*         0x0000000020001b00      0x400 
                0x0000000020001f00                . = ALIGN (0x8)

/DISCARD/
 libc.a(*)
 libm.a(*)
 libgcc.a(*)

.ARM.attributes
                0x0000000000000000       0x29
 *(.ARM.attributes)
 .ARM.attributes
                0x0000000000000000       0x1d c:/st/stm32cubeide_1.5.1/stm32cubeide/plugins/com.st.stm32cube.ide.mcu.externaltools.gnu-tools-for-stm32.7-2018-q2-update.win32_1.5.0.202011040924/tools/bin/../lib/gcc/arm-none-eabi/7.3.1/thumb/v7-m/crti.o
 .ARM.attributes
                0x000000000000001d       0x2d c:/st/stm32cubeide_1.5.1/stm32cubeide/plugins/com.st.stm32cube.ide.mcu.externaltools.gnu-tools-for-stm32.7-2018-q2-update.win32_1.5.0.202011040924/tools/bin/../lib/gcc/arm-none-eabi/7.3.1/thumb/v7-m/crtbegin.o
 .ARM.attributes
                0x000000000000004a       0x33 Core/Src/Circular_buffer.o
 .ARM.attributes
                0x000000000000007d       0x33 Core/Src/freertos.o
 .ARM.attributes
                0x00000000000000b0       0x33 Core/Src/main.o
 .ARM.attributes
                0x00000000000000e3       0x33 Core/Src/stm32f1xx_hal_msp.o
 .ARM.attributes
                0x0000000000000116       0x33 Core/Src/stm32f1xx_it.o
 .ARM.attributes
                0x0000000000000149       0x2d Core/Src/sysmem.o
 .ARM.attributes
                0x0000000000000176       0x2d Core/Src/system_stm32f1xx.o
 .ARM.attributes
                0x00000000000001a3       0x33 Core/Src/tasks.o
 .ARM.attributes
                0x00000000000001d6       0x21 Core/Startup/startup_stm32f103c8tx.o
 .ARM.attributes
                0x00000000000001f7       0x2d Drivers/STM32F1xx_HAL_Driver/Src/stm32f1xx_hal.o
 .ARM.attributes
                0x0000000000000224       0x2d Drivers/STM32F1xx_HAL_Driver/Src/stm32f1xx_hal_cortex.o
 .ARM.attributes
                0x0000000000000251       0x2d Drivers/STM32F1xx_HAL_Driver/Src/stm32f1xx_hal_dma.o
 .ARM.attributes
                0x000000000000027e       0x2d Drivers/STM32F1xx_HAL_Driver/Src/stm32f1xx_hal_gpio.o
 .ARM.attributes
                0x00000000000002ab       0x2d Drivers/STM32F1xx_HAL_Driver/Src/stm32f1xx_hal_rcc.o
 .ARM.attributes
                0x00000000000002d8       0x33 Drivers/STM32F1xx_HAL_Driver/Src/stm32f1xx_hal_uart.o
 .ARM.attributes
                0x000000000000030b       0x2d Middlewares/Third_Party/FreeRTOS/Source/CMSIS_RTOS/cmsis_os.o
 .ARM.attributes
                0x0000000000000338       0x2d Middlewares/Third_Party/FreeRTOS/Source/list.o
 .ARM.attributes
                0x0000000000000365       0x2d Middlewares/Third_Party/FreeRTOS/Source/queue.o
 .ARM.attributes
                0x0000000000000392       0x2d Middlewares/Third_Party/FreeRTOS/Source/tasks.o
 .ARM.attributes
                0x00000000000003bf       0x2d Middlewares/Third_Party/FreeRTOS/Source/portable/GCC/ARM_CM3/port.o
 .ARM.attributes
                0x00000000000003ec       0x2d Middlewares/Third_Party/FreeRTOS/Source/portable/MemMang/heap_4.o
 .ARM.attributes
                0x0000000000000419       0x2d c:/st/stm32cubeide_1.5.1/stm32cubeide/plugins/com.st.stm32cube.ide.mcu.externaltools.gnu-tools-for-stm32.7-2018-q2-update.win32_1.5.0.202011040924/tools/bin/../lib/gcc/arm-none-eabi/7.3.1/../../../../arm-none-eabi/lib/thumb/v7-m\libc_nano.a(lib_a-errno.o)
 .ARM.attributes
                0x0000000000000446       0x2d c:/st/stm32cubeide_1.5.1/stm32cubeide/plugins/com.st.stm32cube.ide.mcu.externaltools.gnu-tools-for-stm32.7-2018-q2-update.win32_1.5.0.202011040924/tools/bin/../lib/gcc/arm-none-eabi/7.3.1/../../../../arm-none-eabi/lib/thumb/v7-m\libc_nano.a(lib_a-impure.o)
 .ARM.attributes
                0x0000000000000473       0x2d c:/st/stm32cubeide_1.5.1/stm32cubeide/plugins/com.st.stm32cube.ide.mcu.externaltools.gnu-tools-for-stm32.7-2018-q2-update.win32_1.5.0.202011040924/tools/bin/../lib/gcc/arm-none-eabi/7.3.1/../../../../arm-none-eabi/lib/thumb/v7-m\libc_nano.a(lib_a-init.o)
 .ARM.attributes
                0x00000000000004a0       0x2d c:/st/stm32cubeide_1.5.1/stm32cubeide/plugins/com.st.stm32cube.ide.mcu.externaltools.gnu-tools-for-stm32.7-2018-q2-update.win32_1.5.0.202011040924/tools/bin/../lib/gcc/arm-none-eabi/7.3.1/../../../../arm-none-eabi/lib/thumb/v7-m\libc_nano.a(lib_a-memcpy-stub.o)
 .ARM.attributes
                0x00000000000004cd       0x2d c:/st/stm32cubeide_1.5.1/stm32cubeide/plugins/com.st.stm32cube.ide.mcu.externaltools.gnu-tools-for-stm32.7-2018-q2-update.win32_1.5.0.202011040924/tools/bin/../lib/gcc/arm-none-eabi/7.3.1/../../../../arm-none-eabi/lib/thumb/v7-m\libc_nano.a(lib_a-memset.o)
 .ARM.attributes
                0x00000000000004fa       0x2d c:/st/stm32cubeide_1.5.1/stm32cubeide/plugins/com.st.stm32cube.ide.mcu.externaltools.gnu-tools-for-stm32.7-2018-q2-update.win32_1.5.0.202011040924/tools/bin/../lib/gcc/arm-none-eabi/7.3.1/../../../../arm-none-eabi/lib/thumb/v7-m\libc_nano.a(lib_a-sprintf.o)
 .ARM.attributes
                0x0000000000000527       0x2d c:/st/stm32cubeide_1.5.1/stm32cubeide/plugins/com.st.stm32cube.ide.mcu.externaltools.gnu-tools-for-stm32.7-2018-q2-update.win32_1.5.0.202011040924/tools/bin/../lib/gcc/arm-none-eabi/7.3.1/../../../../arm-none-eabi/lib/thumb/v7-m\libc_nano.a(lib_a-nano-svfprintf.o)
 .ARM.attributes
                0x0000000000000554       0x2d c:/st/stm32cubeide_1.5.1/stm32cubeide/plugins/com.st.stm32cube.ide.mcu.externaltools.gnu-tools-for-stm32.7-2018-q2-update.win32_1.5.0.202011040924/tools/bin/../lib/gcc/arm-none-eabi/7.3.1/../../../../arm-none-eabi/lib/thumb/v7-m\libc_nano.a(lib_a-nano-vfprintf_i.o)
 .ARM.attributes
                0x0000000000000581       0x2d c:/st/stm32cubeide_1.5.1/stm32cubeide/plugins/com.st.stm32cube.ide.mcu.externaltools.gnu-tools-for-stm32.7-2018-q2-update.win32_1.5.0.202011040924/tools/bin/../lib/gcc/arm-none-eabi/7.3.1/../../../../arm-none-eabi/lib/thumb/v7-m\libc_nano.a(lib_a-memchr-stub.o)
 .ARM.attributes
                0x00000000000005ae       0x2d c:/st/stm32cubeide_1.5.1/stm32cubeide/plugins/com.st.stm32cube.ide.mcu.externaltools.gnu-tools-for-stm32.7-2018-q2-update.win32_1.5.0.202011040924/tools/bin/../lib/gcc/arm-none-eabi/7.3.1/../../../../arm-none-eabi/lib/thumb/v7-m\libc_nano.a(lib_a-memmove.o)
 .ARM.attributes
                0x00000000000005db       0x2d c:/st/stm32cubeide_1.5.1/stm32cubeide/plugins/com.st.stm32cube.ide.mcu.externaltools.gnu-tools-for-stm32.7-2018-q2-update.win32_1.5.0.202011040924/tools/bin/../lib/gcc/arm-none-eabi/7.3.1/../../../../arm-none-eabi/lib/thumb/v7-m\libc_nano.a(lib_a-nano-freer.o)
 .ARM.attributes
                0x0000000000000608       0x2d c:/st/stm32cubeide_1.5.1/stm32cubeide/plugins/com.st.stm32cube.ide.mcu.externaltools.gnu-tools-for-stm32.7-2018-q2-update.win32_1.5.0.202011040924/tools/bin/../lib/gcc/arm-none-eabi/7.3.1/../../../../arm-none-eabi/lib/thumb/v7-m\libc_nano.a(lib_a-nano-mallocr.o)
 .ARM.attributes
                0x0000000000000635       0x2d c:/st/stm32cubeide_1.5.1/stm32cubeide/plugins/com.st.stm32cube.ide.mcu.externaltools.gnu-tools-for-stm32.7-2018-q2-update.win32_1.5.0.202011040924/tools/bin/../lib/gcc/arm-none-eabi/7.3.1/../../../../arm-none-eabi/lib/thumb/v7-m\libc_nano.a(lib_a-nano-reallocr.o)
 .ARM.attributes
                0x0000000000000662       0x2d c:/st/stm32cubeide_1.5.1/stm32cubeide/plugins/com.st.stm32cube.ide.mcu.externaltools.gnu-tools-for-stm32.7-2018-q2-update.win32_1.5.0.202011040924/tools/bin/../lib/gcc/arm-none-eabi/7.3.1/../../../../arm-none-eabi/lib/thumb/v7-m\libc_nano.a(lib_a-sbrkr.o)
 .ARM.attributes
                0x000000000000068f       0x2d c:/st/stm32cubeide_1.5.1/stm32cubeide/plugins/com.st.stm32cube.ide.mcu.externaltools.gnu-tools-for-stm32.7-2018-q2-update.win32_1.5.0.202011040924/tools/bin/../lib/gcc/arm-none-eabi/7.3.1/../../../../arm-none-eabi/lib/thumb/v7-m\libc_nano.a(lib_a-mlock.o)
 .ARM.attributes
                0x00000000000006bc       0x2d c:/st/stm32cubeide_1.5.1/stm32cubeide/plugins/com.st.stm32cube.ide.mcu.externaltools.gnu-tools-for-stm32.7-2018-q2-update.win32_1.5.0.202011040924/tools/bin/../lib/gcc/arm-none-eabi/7.3.1/../../../../arm-none-eabi/lib/thumb/v7-m\libc_nano.a(lib_a-nano-msizer.o)
 .ARM.attributes
                0x00000000000006e9       0x2d c:/st/stm32cubeide_1.5.1/stm32cubeide/plugins/com.st.stm32cube.ide.mcu.externaltools.gnu-tools-for-stm32.7-2018-q2-update.win32_1.5.0.202011040924/tools/bin/../lib/gcc/arm-none-eabi/7.3.1/../../../../arm-none-eabi/lib/thumb/v7-m\libc_nano.a(lib_a-reent.o)
 .ARM.attributes
                0x0000000000000716       0x1d c:/st/stm32cubeide_1.5.1/stm32cubeide/plugins/com.st.stm32cube.ide.mcu.externaltools.gnu-tools-for-stm32.7-2018-q2-update.win32_1.5.0.202011040924/tools/bin/../lib/gcc/arm-none-eabi/7.3.1/thumb/v7-m/crtn.o
OUTPUT(Car.elf elf32-littlearm)

.debug_info     0x0000000000000000     0xfead
 .debug_info    0x0000000000000000      0x1d0 Core/Src/Circular_buffer.o
 .debug_info    0x00000000000001d0      0x344 Core/Src/freertos.o
 .debug_info    0x0000000000000514      0xe42 Core/Src/main.o
 .debug_info    0x0000000000001356      0x978 Core/Src/stm32f1xx_hal_msp.o
 .debug_info    0x0000000000001cce      0x62d Core/Src/stm32f1xx_it.o
 .debug_info    0x00000000000022fb      0xa25 Core/Src/sysmem.o
 .debug_info    0x0000000000002d20      0x2be Core/Src/system_stm32f1xx.o
 .debug_info    0x0000000000002fde     0x1123 Core/Src/tasks.o
 .debug_info    0x0000000000004101       0x22 Core/Startup/startup_stm32f103c8tx.o
 .debug_info    0x0000000000004123      0x76a Drivers/STM32F1xx_HAL_Driver/Src/stm32f1xx_hal.o
 .debug_info    0x000000000000488d      0xbdc Drivers/STM32F1xx_HAL_Driver/Src/stm32f1xx_hal_cortex.o
 .debug_info    0x0000000000005469      0x81e Drivers/STM32F1xx_HAL_Driver/Src/stm32f1xx_hal_dma.o
 .debug_info    0x0000000000005c87      0x701 Drivers/STM32F1xx_HAL_Driver/Src/stm32f1xx_hal_gpio.o
 .debug_info    0x0000000000006388      0x88e Drivers/STM32F1xx_HAL_Driver/Src/stm32f1xx_hal_rcc.o
 .debug_info    0x0000000000006c16     0x1233 Drivers/STM32F1xx_HAL_Driver/Src/stm32f1xx_hal_uart.o
 .debug_info    0x0000000000007e49     0x2019 Middlewares/Third_Party/FreeRTOS/Source/CMSIS_RTOS/cmsis_os.o
 .debug_info    0x0000000000009e62      0xb7c Middlewares/Third_Party/FreeRTOS/Source/list.o
 .debug_info    0x000000000000a9de     0x1f3a Middlewares/Third_Party/FreeRTOS/Source/queue.o
 .debug_info    0x000000000000c918     0x247d Middlewares/Third_Party/FreeRTOS/Source/tasks.o
 .debug_info    0x000000000000ed95      0x4a1 Middlewares/Third_Party/FreeRTOS/Source/portable/GCC/ARM_CM3/port.o
 .debug_info    0x000000000000f236      0xc77 Middlewares/Third_Party/FreeRTOS/Source/portable/MemMang/heap_4.o

.debug_abbrev   0x0000000000000000     0x2cc0
 .debug_abbrev  0x0000000000000000       0xd2 Core/Src/Circular_buffer.o
 .debug_abbrev  0x00000000000000d2      0x109 Core/Src/freertos.o
 .debug_abbrev  0x00000000000001db      0x28a Core/Src/main.o
 .debug_abbrev  0x0000000000000465      0x195 Core/Src/stm32f1xx_hal_msp.o
 .debug_abbrev  0x00000000000005fa      0x149 Core/Src/stm32f1xx_it.o
 .debug_abbrev  0x0000000000000743      0x1bf Core/Src/sysmem.o
 .debug_abbrev  0x0000000000000902      0x14e Core/Src/system_stm32f1xx.o
 .debug_abbrev  0x0000000000000a50      0x2a6 Core/Src/tasks.o
 .debug_abbrev  0x0000000000000cf6       0x12 Core/Startup/startup_stm32f103c8tx.o
 .debug_abbrev  0x0000000000000d08      0x1ed Drivers/STM32F1xx_HAL_Driver/Src/stm32f1xx_hal.o
 .debug_abbrev  0x0000000000000ef5      0x313 Drivers/STM32F1xx_HAL_Driver/Src/stm32f1xx_hal_cortex.o
 .debug_abbrev  0x0000000000001208      0x228 Drivers/STM32F1xx_HAL_Driver/Src/stm32f1xx_hal_dma.o
 .debug_abbrev  0x0000000000001430      0x1e8 Drivers/STM32F1xx_HAL_Driver/Src/stm32f1xx_hal_gpio.o
 .debug_abbrev  0x0000000000001618      0x273 Drivers/STM32F1xx_HAL_Driver/Src/stm32f1xx_hal_rcc.o
 .debug_abbrev  0x000000000000188b      0x258 Drivers/STM32F1xx_HAL_Driver/Src/stm32f1xx_hal_uart.o
 .debug_abbrev  0x0000000000001ae3      0x3c2 Middlewares/Third_Party/FreeRTOS/Source/CMSIS_RTOS/cmsis_os.o
 .debug_abbrev  0x0000000000001ea5      0x1f7 Middlewares/Third_Party/FreeRTOS/Source/list.o
 .debug_abbrev  0x000000000000209c      0x3a2 Middlewares/Third_Party/FreeRTOS/Source/queue.o
 .debug_abbrev  0x000000000000243e      0x380 Middlewares/Third_Party/FreeRTOS/Source/tasks.o
 .debug_abbrev  0x00000000000027be      0x22f Middlewares/Third_Party/FreeRTOS/Source/portable/GCC/ARM_CM3/port.o
 .debug_abbrev  0x00000000000029ed      0x2d3 Middlewares/Third_Party/FreeRTOS/Source/portable/MemMang/heap_4.o

.debug_aranges  0x0000000000000000      0xc98
 .debug_aranges
                0x0000000000000000       0x38 Core/Src/Circular_buffer.o
 .debug_aranges
                0x0000000000000038       0x20 Core/Src/freertos.o
 .debug_aranges
                0x0000000000000058       0x50 Core/Src/main.o
 .debug_aranges
                0x00000000000000a8       0x30 Core/Src/stm32f1xx_hal_msp.o
 .debug_aranges
                0x00000000000000d8       0x58 Core/Src/stm32f1xx_it.o
 .debug_aranges
                0x0000000000000130       0x20 Core/Src/sysmem.o
 .debug_aranges
                0x0000000000000150       0x28 Core/Src/system_stm32f1xx.o
 .debug_aranges
                0x0000000000000178       0x50 Core/Src/tasks.o
 .debug_aranges
                0x00000000000001c8       0x28 Core/Startup/startup_stm32f103c8tx.o
 .debug_aranges
                0x00000000000001f0       0xe0 Drivers/STM32F1xx_HAL_Driver/Src/stm32f1xx_hal.o
 .debug_aranges
                0x00000000000002d0      0x100 Drivers/STM32F1xx_HAL_Driver/Src/stm32f1xx_hal_cortex.o
 .debug_aranges
                0x00000000000003d0       0x80 Drivers/STM32F1xx_HAL_Driver/Src/stm32f1xx_hal_dma.o
 .debug_aranges
                0x0000000000000450       0x58 Drivers/STM32F1xx_HAL_Driver/Src/stm32f1xx_hal_gpio.o
 .debug_aranges
                0x00000000000004a8       0x90 Drivers/STM32F1xx_HAL_Driver/Src/stm32f1xx_hal_rcc.o
 .debug_aranges
                0x0000000000000538      0x1d0 Drivers/STM32F1xx_HAL_Driver/Src/stm32f1xx_hal_uart.o
 .debug_aranges
                0x0000000000000708      0x1d8 Middlewares/Third_Party/FreeRTOS/Source/CMSIS_RTOS/cmsis_os.o
 .debug_aranges
                0x00000000000008e0       0x40 Middlewares/Third_Party/FreeRTOS/Source/list.o
 .debug_aranges
                0x0000000000000920      0x108 Middlewares/Third_Party/FreeRTOS/Source/queue.o
 .debug_aranges
                0x0000000000000a28      0x1a8 Middlewares/Third_Party/FreeRTOS/Source/tasks.o
 .debug_aranges
                0x0000000000000bd0       0x78 Middlewares/Third_Party/FreeRTOS/Source/portable/GCC/ARM_CM3/port.o
 .debug_aranges
                0x0000000000000c48       0x50 Middlewares/Third_Party/FreeRTOS/Source/portable/MemMang/heap_4.o

.debug_ranges   0x0000000000000000      0xb50
 .debug_ranges  0x0000000000000000       0x28 Core/Src/Circular_buffer.o
 .debug_ranges  0x0000000000000028       0x10 Core/Src/freertos.o
 .debug_ranges  0x0000000000000038       0x40 Core/Src/main.o
 .debug_ranges  0x0000000000000078       0x20 Core/Src/stm32f1xx_hal_msp.o
 .debug_ranges  0x0000000000000098       0x48 Core/Src/stm32f1xx_it.o
 .debug_ranges  0x00000000000000e0       0x10 Core/Src/sysmem.o
 .debug_ranges  0x00000000000000f0       0x18 Core/Src/system_stm32f1xx.o
 .debug_ranges  0x0000000000000108       0x40 Core/Src/tasks.o
 .debug_ranges  0x0000000000000148       0x20 Core/Startup/startup_stm32f103c8tx.o
 .debug_ranges  0x0000000000000168       0xd0 Drivers/STM32F1xx_HAL_Driver/Src/stm32f1xx_hal.o
 .debug_ranges  0x0000000000000238       0xf0 Drivers/STM32F1xx_HAL_Driver/Src/stm32f1xx_hal_cortex.o
 .debug_ranges  0x0000000000000328       0x70 Drivers/STM32F1xx_HAL_Driver/Src/stm32f1xx_hal_dma.o
 .debug_ranges  0x0000000000000398       0x48 Drivers/STM32F1xx_HAL_Driver/Src/stm32f1xx_hal_gpio.o
 .debug_ranges  0x00000000000003e0       0x80 Drivers/STM32F1xx_HAL_Driver/Src/stm32f1xx_hal_rcc.o
 .debug_ranges  0x0000000000000460      0x1c0 Drivers/STM32F1xx_HAL_Driver/Src/stm32f1xx_hal_uart.o
 .debug_ranges  0x0000000000000620      0x1c8 Middlewares/Third_Party/FreeRTOS/Source/CMSIS_RTOS/cmsis_os.o
 .debug_ranges  0x00000000000007e8       0x30 Middlewares/Third_Party/FreeRTOS/Source/list.o
 .debug_ranges  0x0000000000000818       0xf8 Middlewares/Third_Party/FreeRTOS/Source/queue.o
 .debug_ranges  0x0000000000000910      0x198 Middlewares/Third_Party/FreeRTOS/Source/tasks.o
 .debug_ranges  0x0000000000000aa8       0x68 Middlewares/Third_Party/FreeRTOS/Source/portable/GCC/ARM_CM3/port.o
 .debug_ranges  0x0000000000000b10       0x40 Middlewares/Third_Party/FreeRTOS/Source/portable/MemMang/heap_4.o

.debug_macro    0x0000000000000000    0x18b46
 .debug_macro   0x0000000000000000      0x134 Core/Src/Circular_buffer.o
 .debug_macro   0x0000000000000134      0xa5a Core/Src/Circular_buffer.o
 .debug_macro   0x0000000000000b8e       0x22 Core/Src/Circular_buffer.o
 .debug_macro   0x0000000000000bb0       0x8e Core/Src/Circular_buffer.o
 .debug_macro   0x0000000000000c3e       0x51 Core/Src/Circular_buffer.o
 .debug_macro   0x0000000000000c8f       0xef Core/Src/Circular_buffer.o
 .debug_macro   0x0000000000000d7e       0x6a Core/Src/Circular_buffer.o
 .debug_macro   0x0000000000000de8      0x1df Core/Src/Circular_buffer.o
 .debug_macro   0x0000000000000fc7       0x22 Core/Src/Circular_buffer.o
 .debug_macro   0x0000000000000fe9      0x174 Core/Src/Circular_buffer.o
 .debug_macro   0x000000000000115d       0xd0 Core/Src/Circular_buffer.o
 .debug_macro   0x000000000000122d      0x15a Core/Src/Circular_buffer.o
 .debug_macro   0x0000000000001387       0xd7 Core/Src/Circular_buffer.o
 .debug_macro   0x000000000000145e       0x10 Core/Src/Circular_buffer.o
 .debug_macro   0x000000000000146e       0x1f Core/Src/Circular_buffer.o
 .debug_macro   0x000000000000148d      0x4b7 Core/Src/Circular_buffer.o
 .debug_macro   0x0000000000001944       0xb5 Core/Src/Circular_buffer.o
 .debug_macro   0x00000000000019f9       0x8c Core/Src/Circular_buffer.o
 .debug_macro   0x0000000000001a85       0x91 Core/Src/Circular_buffer.o
 .debug_macro   0x0000000000001b16       0x8d Core/Src/Circular_buffer.o
 .debug_macro   0x0000000000001ba3       0x7e Core/Src/Circular_buffer.o
 .debug_macro   0x0000000000001c21       0x19 Core/Src/Circular_buffer.o
 .debug_macro   0x0000000000001c3a       0xf2 Core/Src/Circular_buffer.o
 .debug_macro   0x0000000000001d2c      0x200 Core/Src/freertos.o
 .debug_macro   0x0000000000001f2c      0x215 Core/Src/freertos.o
 .debug_macro   0x0000000000002141       0x2e Core/Src/freertos.o
 .debug_macro   0x000000000000216f       0x22 Core/Src/freertos.o
 .debug_macro   0x0000000000002191       0x1c Core/Src/freertos.o
 .debug_macro   0x00000000000021ad       0x22 Core/Src/freertos.o
 .debug_macro   0x00000000000021cf       0xc3 Core/Src/freertos.o
 .debug_macro   0x0000000000002292      0xd23 Core/Src/freertos.o
 .debug_macro   0x0000000000002fb5     0xe097 Core/Src/freertos.o
 .debug_macro   0x000000000001104c       0x43 Core/Src/freertos.o
 .debug_macro   0x000000000001108f     0x3468 Core/Src/freertos.o
 .debug_macro   0x00000000000144f7       0x5c Core/Src/freertos.o
 .debug_macro   0x0000000000014553      0x5be Core/Src/freertos.o
 .debug_macro   0x0000000000014b11      0x289 Core/Src/freertos.o
 .debug_macro   0x0000000000014d9a      0x1cb Core/Src/freertos.o
 .debug_macro   0x0000000000014f65      0x114 Core/Src/freertos.o
 .debug_macro   0x0000000000015079      0x1b2 Core/Src/freertos.o
 .debug_macro   0x000000000001522b       0x27 Core/Src/freertos.o
 .debug_macro   0x0000000000015252      0x136 Core/Src/freertos.o
 .debug_macro   0x0000000000015388      0x1bc Core/Src/freertos.o
 .debug_macro   0x0000000000015544       0x34 Core/Src/freertos.o
 .debug_macro   0x0000000000015578       0x3c Core/Src/freertos.o
 .debug_macro   0x00000000000155b4       0x57 Core/Src/freertos.o
 .debug_macro   0x000000000001560b       0x88 Core/Src/freertos.o
 .debug_macro   0x0000000000015693      0x241 Core/Src/freertos.o
 .debug_macro   0x00000000000158d4      0x141 Core/Src/freertos.o
 .debug_macro   0x0000000000015a15      0x26b Core/Src/freertos.o
 .debug_macro   0x0000000000015c80       0x83 Core/Src/freertos.o
 .debug_macro   0x0000000000015d03      0x259 Core/Src/main.o
 .debug_macro   0x0000000000015f5c       0xd0 Core/Src/main.o
 .debug_macro   0x000000000001602c      0x198 Core/Src/stm32f1xx_hal_msp.o
 .debug_macro   0x00000000000161c4      0x20a Core/Src/stm32f1xx_it.o
 .debug_macro   0x00000000000163ce       0xff Core/Src/sysmem.o
 .debug_macro   0x00000000000164cd      0x23b Core/Src/sysmem.o
 .debug_macro   0x0000000000016708      0x103 Core/Src/sysmem.o
 .debug_macro   0x000000000001680b      0x18e Core/Src/system_stm32f1xx.o
 .debug_macro   0x0000000000016999      0x3d2 Core/Src/tasks.o
 .debug_macro   0x0000000000016d6b       0x46 Core/Src/tasks.o
 .debug_macro   0x0000000000016db1       0x18 Core/Src/tasks.o
 .debug_macro   0x0000000000016dc9       0x3c Core/Src/tasks.o
 .debug_macro   0x0000000000016e05       0x16 Core/Src/tasks.o
 .debug_macro   0x0000000000016e1b       0x35 Core/Src/tasks.o
 .debug_macro   0x0000000000016e50      0x32a Core/Src/tasks.o
 .debug_macro   0x000000000001717a       0x52 Core/Src/tasks.o
 .debug_macro   0x00000000000171cc       0x1f Core/Src/tasks.o
 .debug_macro   0x00000000000171eb       0x43 Core/Src/tasks.o
 .debug_macro   0x000000000001722e       0x20 Core/Src/tasks.o
 .debug_macro   0x000000000001724e      0x1a3 Core/Src/tasks.o
 .debug_macro   0x00000000000173f1       0x10 Core/Src/tasks.o
 .debug_macro   0x0000000000017401       0x40 Core/Src/tasks.o
 .debug_macro   0x0000000000017441       0xd7 Core/Src/tasks.o
 .debug_macro   0x0000000000017518      0x1b2 Drivers/STM32F1xx_HAL_Driver/Src/stm32f1xx_hal.o
 .debug_macro   0x00000000000176ca      0x18e Drivers/STM32F1xx_HAL_Driver/Src/stm32f1xx_hal_cortex.o
 .debug_macro   0x0000000000017858      0x18e Drivers/STM32F1xx_HAL_Driver/Src/stm32f1xx_hal_dma.o
 .debug_macro   0x00000000000179e6      0x1f9 Drivers/STM32F1xx_HAL_Driver/Src/stm32f1xx_hal_gpio.o
 .debug_macro   0x0000000000017bdf      0x1a0 Drivers/STM32F1xx_HAL_Driver/Src/stm32f1xx_hal_rcc.o
 .debug_macro   0x0000000000017d7f      0x18f Drivers/STM32F1xx_HAL_Driver/Src/stm32f1xx_hal_uart.o
 .debug_macro   0x0000000000017f0e      0x1fe Middlewares/Third_Party/FreeRTOS/Source/CMSIS_RTOS/cmsis_os.o
 .debug_macro   0x000000000001810c       0x10 Middlewares/Third_Party/FreeRTOS/Source/CMSIS_RTOS/cmsis_os.o
 .debug_macro   0x000000000001811c       0x20 Middlewares/Third_Party/FreeRTOS/Source/CMSIS_RTOS/cmsis_os.o
 .debug_macro   0x000000000001813c       0xab Middlewares/Third_Party/FreeRTOS/Source/CMSIS_RTOS/cmsis_os.o
 .debug_macro   0x00000000000181e7      0x187 Middlewares/Third_Party/FreeRTOS/Source/list.o
 .debug_macro   0x000000000001836e      0x212 Middlewares/Third_Party/FreeRTOS/Source/queue.o
 .debug_macro   0x0000000000018580       0x16 Middlewares/Third_Party/FreeRTOS/Source/queue.o
 .debug_macro   0x0000000000018596      0x280 Middlewares/Third_Party/FreeRTOS/Source/tasks.o
 .debug_macro   0x0000000000018816       0x10 Middlewares/Third_Party/FreeRTOS/Source/tasks.o
 .debug_macro   0x0000000000018826      0x172 Middlewares/Third_Party/FreeRTOS/Source/portable/GCC/ARM_CM3/port.o
 .debug_macro   0x0000000000018998      0x1ae Middlewares/Third_Party/FreeRTOS/Source/portable/MemMang/heap_4.o

.debug_line     0x0000000000000000     0xd765
 .debug_line    0x0000000000000000      0x584 Core/Src/Circular_buffer.o
 .debug_line    0x0000000000000584      0x73f Core/Src/freertos.o
 .debug_line    0x0000000000000cc3      0x882 Core/Src/main.o
 .debug_line    0x0000000000001545      0x67c Core/Src/stm32f1xx_hal_msp.o
 .debug_line    0x0000000000001bc1      0x7e2 Core/Src/stm32f1xx_it.o
 .debug_line    0x00000000000023a3      0x4e9 Core/Src/sysmem.o
 .debug_line    0x000000000000288c      0x6be Core/Src/system_stm32f1xx.o
 .debug_line    0x0000000000002f4a      0xad0 Core/Src/tasks.o
 .debug_line    0x0000000000003a1a       0x84 Core/Startup/startup_stm32f103c8tx.o
 .debug_line    0x0000000000003a9e      0x8eb Drivers/STM32F1xx_HAL_Driver/Src/stm32f1xx_hal.o
 .debug_line    0x0000000000004389      0xad3 Drivers/STM32F1xx_HAL_Driver/Src/stm32f1xx_hal_cortex.o
 .debug_line    0x0000000000004e5c      0xd43 Drivers/STM32F1xx_HAL_Driver/Src/stm32f1xx_hal_dma.o
 .debug_line    0x0000000000005b9f      0x982 Drivers/STM32F1xx_HAL_Driver/Src/stm32f1xx_hal_gpio.o
 .debug_line    0x0000000000006521      0xcf9 Drivers/STM32F1xx_HAL_Driver/Src/stm32f1xx_hal_rcc.o
 .debug_line    0x000000000000721a      0xf60 Drivers/STM32F1xx_HAL_Driver/Src/stm32f1xx_hal_uart.o
 .debug_line    0x000000000000817a     0x11b4 Middlewares/Third_Party/FreeRTOS/Source/CMSIS_RTOS/cmsis_os.o
 .debug_line    0x000000000000932e      0x6fb Middlewares/Third_Party/FreeRTOS/Source/list.o
 .debug_line    0x0000000000009a29     0x1478 Middlewares/Third_Party/FreeRTOS/Source/queue.o
 .debug_line    0x000000000000aea1     0x18be Middlewares/Third_Party/FreeRTOS/Source/tasks.o
 .debug_line    0x000000000000c75f      0x749 Middlewares/Third_Party/FreeRTOS/Source/portable/GCC/ARM_CM3/port.o
 .debug_line    0x000000000000cea8      0x8bd Middlewares/Third_Party/FreeRTOS/Source/portable/MemMang/heap_4.o

.debug_str      0x0000000000000000    0x8b38b
 .debug_str     0x0000000000000000     0x993b Core/Src/Circular_buffer.o
                                       0x9b54 (size before relaxing)
 .debug_str     0x000000000000993b    0x782c7 Core/Src/freertos.o
                                      0x7fcf7 (size before relaxing)
 .debug_str     0x0000000000081c02      0x9d8 Core/Src/main.o
                                      0x828b2 (size before relaxing)
 .debug_str     0x00000000000825da       0x7a Core/Src/stm32f1xx_hal_msp.o
                                      0x7c94c (size before relaxing)
 .debug_str     0x0000000000082654       0xb4 Core/Src/stm32f1xx_it.o
                                      0x7fffb (size before relaxing)
 .debug_str     0x0000000000082708     0x22a8 Core/Src/sysmem.o
                                       0x623c (size before relaxing)
 .debug_str     0x00000000000849b0       0x52 Core/Src/system_stm32f1xx.o
                                      0x7c318 (size before relaxing)
 .debug_str     0x0000000000084a02     0x287a Core/Src/tasks.o
                                      0x863f7 (size before relaxing)
 .debug_str     0x000000000008727c       0x36 Core/Startup/startup_stm32f103c8tx.o
                                         0x50 (size before relaxing)
 .debug_str     0x00000000000872b2      0x304 Drivers/STM32F1xx_HAL_Driver/Src/stm32f1xx_hal.o
                                      0x7c9a9 (size before relaxing)
 .debug_str     0x00000000000875b6      0x294 Drivers/STM32F1xx_HAL_Driver/Src/stm32f1xx_hal_cortex.o
                                      0x7c9b1 (size before relaxing)
 .debug_str     0x000000000008784a      0x23a Drivers/STM32F1xx_HAL_Driver/Src/stm32f1xx_hal_dma.o
                                      0x7c6f3 (size before relaxing)
 .debug_str     0x0000000000087a84      0x31f Drivers/STM32F1xx_HAL_Driver/Src/stm32f1xx_hal_gpio.o
                                      0x7c6dc (size before relaxing)
 .debug_str     0x0000000000087da3      0x24f Drivers/STM32F1xx_HAL_Driver/Src/stm32f1xx_hal_rcc.o
                                      0x7c715 (size before relaxing)
 .debug_str     0x0000000000087ff2      0x539 Drivers/STM32F1xx_HAL_Driver/Src/stm32f1xx_hal_uart.o
                                      0x7cb6f (size before relaxing)
 .debug_str     0x000000000008852b      0x942 Middlewares/Third_Party/FreeRTOS/Source/CMSIS_RTOS/cmsis_os.o
                                       0xde83 (size before relaxing)
 .debug_str     0x0000000000088e6d      0x225 Middlewares/Third_Party/FreeRTOS/Source/list.o
                                       0xa7c4 (size before relaxing)
 .debug_str     0x0000000000089092      0x7d3 Middlewares/Third_Party/FreeRTOS/Source/queue.o
                                       0xbe7c (size before relaxing)
 .debug_str     0x0000000000089865     0x11ca Middlewares/Third_Party/FreeRTOS/Source/tasks.o
                                       0xc9b5 (size before relaxing)
 .debug_str     0x000000000008aa2f      0x702 Middlewares/Third_Party/FreeRTOS/Source/portable/GCC/ARM_CM3/port.o
                                       0x8122 (size before relaxing)
 .debug_str     0x000000000008b131      0x25a Middlewares/Third_Party/FreeRTOS/Source/portable/MemMang/heap_4.o
                                       0xaee7 (size before relaxing)

.comment        0x0000000000000000       0xce
 .comment       0x0000000000000000       0x7b Core/Src/Circular_buffer.o
                                         0x7c (size before relaxing)
 .comment       0x000000000000007b       0x7c Core/Src/freertos.o
 .comment       0x000000000000007b       0x7c Core/Src/main.o
 .comment       0x000000000000007b       0x7c Core/Src/stm32f1xx_hal_msp.o
 .comment       0x000000000000007b       0x7c Core/Src/stm32f1xx_it.o
 .comment       0x000000000000007b       0x53 Core/Src/sysmem.o
                                         0x54 (size before relaxing)
 .comment       0x00000000000000ce       0x54 Core/Src/system_stm32f1xx.o
 .comment       0x00000000000000ce       0x7c Core/Src/tasks.o
 .comment       0x00000000000000ce       0x54 Drivers/STM32F1xx_HAL_Driver/Src/stm32f1xx_hal.o
 .comment       0x00000000000000ce       0x54 Drivers/STM32F1xx_HAL_Driver/Src/stm32f1xx_hal_cortex.o
 .comment       0x00000000000000ce       0x54 Drivers/STM32F1xx_HAL_Driver/Src/stm32f1xx_hal_dma.o
 .comment       0x00000000000000ce       0x54 Drivers/STM32F1xx_HAL_Driver/Src/stm32f1xx_hal_gpio.o
 .comment       0x00000000000000ce       0x54 Drivers/STM32F1xx_HAL_Driver/Src/stm32f1xx_hal_rcc.o
 .comment       0x00000000000000ce       0x7c Drivers/STM32F1xx_HAL_Driver/Src/stm32f1xx_hal_uart.o
 .comment       0x00000000000000ce       0x54 Middlewares/Third_Party/FreeRTOS/Source/CMSIS_RTOS/cmsis_os.o
 .comment       0x00000000000000ce       0x54 Middlewares/Third_Party/FreeRTOS/Source/list.o
 .comment       0x00000000000000ce       0x54 Middlewares/Third_Party/FreeRTOS/Source/queue.o
 .comment       0x00000000000000ce       0x54 Middlewares/Third_Party/FreeRTOS/Source/tasks.o
 .comment       0x00000000000000ce       0x54 Middlewares/Third_Party/FreeRTOS/Source/portable/GCC/ARM_CM3/port.o
 .comment       0x00000000000000ce       0x54 Middlewares/Third_Party/FreeRTOS/Source/portable/MemMang/heap_4.o

.debug_frame    0x0000000000000000     0x3494
 .debug_frame   0x0000000000000000       0xa0 Core/Src/Circular_buffer.o
 .debug_frame   0x00000000000000a0       0x38 Core/Src/freertos.o
 .debug_frame   0x00000000000000d8       0xf8 Core/Src/main.o
 .debug_frame   0x00000000000001d0       0x7c Core/Src/stm32f1xx_hal_msp.o
 .debug_frame   0x000000000000024c       0xe0 Core/Src/stm32f1xx_it.o
 .debug_frame   0x000000000000032c       0x34 Core/Src/sysmem.o
 .debug_frame   0x0000000000000360       0x58 Core/Src/system_stm32f1xx.o
 .debug_frame   0x00000000000003b8      0x100 Core/Src/tasks.o
 .debug_frame   0x00000000000004b8      0x334 Drivers/STM32F1xx_HAL_Driver/Src/stm32f1xx_hal.o
 .debug_frame   0x00000000000007ec      0x428 Drivers/STM32F1xx_HAL_Driver/Src/stm32f1xx_hal_cortex.o
 .debug_frame   0x0000000000000c14      0x208 Drivers/STM32F1xx_HAL_Driver/Src/stm32f1xx_hal_dma.o
 .debug_frame   0x0000000000000e1c      0x14c Drivers/STM32F1xx_HAL_Driver/Src/stm32f1xx_hal_gpio.o
 .debug_frame   0x0000000000000f68      0x21c Drivers/STM32F1xx_HAL_Driver/Src/stm32f1xx_hal_rcc.o
 .debug_frame   0x0000000000001184      0x834 Drivers/STM32F1xx_HAL_Driver/Src/stm32f1xx_hal_uart.o
 .debug_frame   0x00000000000019b8      0x80c Middlewares/Third_Party/FreeRTOS/Source/CMSIS_RTOS/cmsis_os.o
 .debug_frame   0x00000000000021c4       0xd8 Middlewares/Third_Party/FreeRTOS/Source/list.o
 .debug_frame   0x000000000000229c      0x46c Middlewares/Third_Party/FreeRTOS/Source/queue.o
 .debug_frame   0x0000000000002708      0x734 Middlewares/Third_Party/FreeRTOS/Source/tasks.o
 .debug_frame   0x0000000000002e3c      0x198 Middlewares/Third_Party/FreeRTOS/Source/portable/GCC/ARM_CM3/port.o
 .debug_frame   0x0000000000002fd4      0x108 Middlewares/Third_Party/FreeRTOS/Source/portable/MemMang/heap_4.o
 .debug_frame   0x00000000000030dc       0x20 c:/st/stm32cubeide_1.5.1/stm32cubeide/plugins/com.st.stm32cube.ide.mcu.externaltools.gnu-tools-for-stm32.7-2018-q2-update.win32_1.5.0.202011040924/tools/bin/../lib/gcc/arm-none-eabi/7.3.1/../../../../arm-none-eabi/lib/thumb/v7-m\libc_nano.a(lib_a-errno.o)
 .debug_frame   0x00000000000030fc       0x2c c:/st/stm32cubeide_1.5.1/stm32cubeide/plugins/com.st.stm32cube.ide.mcu.externaltools.gnu-tools-for-stm32.7-2018-q2-update.win32_1.5.0.202011040924/tools/bin/../lib/gcc/arm-none-eabi/7.3.1/../../../../arm-none-eabi/lib/thumb/v7-m\libc_nano.a(lib_a-init.o)
 .debug_frame   0x0000000000003128       0x28 c:/st/stm32cubeide_1.5.1/stm32cubeide/plugins/com.st.stm32cube.ide.mcu.externaltools.gnu-tools-for-stm32.7-2018-q2-update.win32_1.5.0.202011040924/tools/bin/../lib/gcc/arm-none-eabi/7.3.1/../../../../arm-none-eabi/lib/thumb/v7-m\libc_nano.a(lib_a-memcpy-stub.o)
 .debug_frame   0x0000000000003150       0x20 c:/st/stm32cubeide_1.5.1/stm32cubeide/plugins/com.st.stm32cube.ide.mcu.externaltools.gnu-tools-for-stm32.7-2018-q2-update.win32_1.5.0.202011040924/tools/bin/../lib/gcc/arm-none-eabi/7.3.1/../../../../arm-none-eabi/lib/thumb/v7-m\libc_nano.a(lib_a-memset.o)
 .debug_frame   0x0000000000003170       0x6c c:/st/stm32cubeide_1.5.1/stm32cubeide/plugins/com.st.stm32cube.ide.mcu.externaltools.gnu-tools-for-stm32.7-2018-q2-update.win32_1.5.0.202011040924/tools/bin/../lib/gcc/arm-none-eabi/7.3.1/../../../../arm-none-eabi/lib/thumb/v7-m\libc_nano.a(lib_a-sprintf.o)
 .debug_frame   0x00000000000031dc       0x90 c:/st/stm32cubeide_1.5.1/stm32cubeide/plugins/com.st.stm32cube.ide.mcu.externaltools.gnu-tools-for-stm32.7-2018-q2-update.win32_1.5.0.202011040924/tools/bin/../lib/gcc/arm-none-eabi/7.3.1/../../../../arm-none-eabi/lib/thumb/v7-m\libc_nano.a(lib_a-nano-svfprintf.o)
 .debug_frame   0x000000000000326c       0x60 c:/st/stm32cubeide_1.5.1/stm32cubeide/plugins/com.st.stm32cube.ide.mcu.externaltools.gnu-tools-for-stm32.7-2018-q2-update.win32_1.5.0.202011040924/tools/bin/../lib/gcc/arm-none-eabi/7.3.1/../../../../arm-none-eabi/lib/thumb/v7-m\libc_nano.a(lib_a-nano-vfprintf_i.o)
 .debug_frame   0x00000000000032cc       0x28 c:/st/stm32cubeide_1.5.1/stm32cubeide/plugins/com.st.stm32cube.ide.mcu.externaltools.gnu-tools-for-stm32.7-2018-q2-update.win32_1.5.0.202011040924/tools/bin/../lib/gcc/arm-none-eabi/7.3.1/../../../../arm-none-eabi/lib/thumb/v7-m\libc_nano.a(lib_a-memchr-stub.o)
 .debug_frame   0x00000000000032f4       0x28 c:/st/stm32cubeide_1.5.1/stm32cubeide/plugins/com.st.stm32cube.ide.mcu.externaltools.gnu-tools-for-stm32.7-2018-q2-update.win32_1.5.0.202011040924/tools/bin/../lib/gcc/arm-none-eabi/7.3.1/../../../../arm-none-eabi/lib/thumb/v7-m\libc_nano.a(lib_a-memmove.o)
 .debug_frame   0x000000000000331c       0x38 c:/st/stm32cubeide_1.5.1/stm32cubeide/plugins/com.st.stm32cube.ide.mcu.externaltools.gnu-tools-for-stm32.7-2018-q2-update.win32_1.5.0.202011040924/tools/bin/../lib/gcc/arm-none-eabi/7.3.1/../../../../arm-none-eabi/lib/thumb/v7-m\libc_nano.a(lib_a-nano-freer.o)
 .debug_frame   0x0000000000003354       0x2c c:/st/stm32cubeide_1.5.1/stm32cubeide/plugins/com.st.stm32cube.ide.mcu.externaltools.gnu-tools-for-stm32.7-2018-q2-update.win32_1.5.0.202011040924/tools/bin/../lib/gcc/arm-none-eabi/7.3.1/../../../../arm-none-eabi/lib/thumb/v7-m\libc_nano.a(lib_a-nano-mallocr.o)
 .debug_frame   0x0000000000003380       0x3c c:/st/stm32cubeide_1.5.1/stm32cubeide/plugins/com.st.stm32cube.ide.mcu.externaltools.gnu-tools-for-stm32.7-2018-q2-update.win32_1.5.0.202011040924/tools/bin/../lib/gcc/arm-none-eabi/7.3.1/../../../../arm-none-eabi/lib/thumb/v7-m\libc_nano.a(lib_a-nano-reallocr.o)
 .debug_frame   0x00000000000033bc       0x2c c:/st/stm32cubeide_1.5.1/stm32cubeide/plugins/com.st.stm32cube.ide.mcu.externaltools.gnu-tools-for-stm32.7-2018-q2-update.win32_1.5.0.202011040924/tools/bin/../lib/gcc/arm-none-eabi/7.3.1/../../../../arm-none-eabi/lib/thumb/v7-m\libc_nano.a(lib_a-sbrkr.o)
 .debug_frame   0x00000000000033e8       0x30 c:/st/stm32cubeide_1.5.1/stm32cubeide/plugins/com.st.stm32cube.ide.mcu.externaltools.gnu-tools-for-stm32.7-2018-q2-update.win32_1.5.0.202011040924/tools/bin/../lib/gcc/arm-none-eabi/7.3.1/../../../../arm-none-eabi/lib/thumb/v7-m\libc_nano.a(lib_a-mlock.o)
 .debug_frame   0x0000000000003418       0x20 c:/st/stm32cubeide_1.5.1/stm32cubeide/plugins/com.st.stm32cube.ide.mcu.externaltools.gnu-tools-for-stm32.7-2018-q2-update.win32_1.5.0.202011040924/tools/bin/../lib/gcc/arm-none-eabi/7.3.1/../../../../arm-none-eabi/lib/thumb/v7-m\libc_nano.a(lib_a-nano-msizer.o)
 .debug_frame   0x0000000000003438       0x5c c:/st/stm32cubeide_1.5.1/stm32cubeide/plugins/com.st.stm32cube.ide.mcu.externaltools.gnu-tools-for-stm32.7-2018-q2-update.win32_1.5.0.202011040924/tools/bin/../lib/gcc/arm-none-eabi/7.3.1/../../../../arm-none-eabi/lib/thumb/v7-m\libc_nano.a(lib_a-reent.o)
